<?xml version="1.0" encoding="UTF-8"?>
<TestRun id="15cf1d2a-9dc4-4cb5-8e9b-4fa950b49451" name="briandek@TERRA 2011-04-23 02:57:40" runUser="Terra\briandek" xmlns="http://microsoft.com/schemas/VisualStudio/TeamTest/2010">
  <TestSettings name="Local" id="0134485d-d616-41be-ad31-963a4aa628bb">
    <Description>These are default test settings for a local test run.</Description>
    <Deployment enabled="false" runDeploymentRoot="briandek_TERRA 2011-04-23 02_57_40">
      <DeploymentItem filename="D:\Visual Studio 2010\Projects\WowDotNetAPI\RealmAPI\bin\Debug\RealmAPI.dll" />
    </Deployment>
    <Execution>
      <TestTypeSpecific />
      <AgentRule name="Execution Agents">
      </AgentRule>
    </Execution>
  </TestSettings>
  <Times creation="2011-04-23T02:57:40.1551699-04:00" queuing="2011-04-23T02:57:40.1751711-04:00" start="2011-04-23T02:57:40.1801714-04:00" finish="2011-04-23T02:57:50.4997616-04:00" />
  <ResultSummary outcome="Failed">
    <Counters total="20" executed="20" passed="19" error="0" failed="1" timeout="0" aborted="0" inconclusive="0" passedButRunAborted="0" notRunnable="0" notExecuted="0" disconnected="0" warning="0" completed="0" inProgress="0" pending="0" />
  </ResultSummary>
  <TestDefinitions>
    <UnitTest name="Get_Realms_Using_Multiple_InvalidNamesArray_Query" storage="d:\visual studio 2010\projects\wowdotnetapi\realmapi.test\bin\debug\realmapi.test.dll" id="2871af18-3198-d03e-98a1-6ac3621dd3a4">
      <Execution id="c92a142f-5ca9-48c3-b035-6110800fef68" />
      <TestMethod codeBase="D:/Visual Studio 2010/Projects/WowDotNetAPI/RealmAPI.Test/bin/Debug/RealmAPI.Test.DLL" adapterTypeName="Microsoft.VisualStudio.TestTools.TestTypes.Unit.UnitTestAdapter, Microsoft.VisualStudio.QualityTools.Tips.UnitTest.Adapter, Version=10.0.0.0, Culture=neutral, PublicKeyToken=b03f5f7f11d50a3a" className="RealmAPI.Test.RealmExplorerTest, RealmAPI.Test, Version=1.0.0.0, Culture=neutral, PublicKeyToken=null" name="Get_Realms_Using_Multiple_InvalidNamesArray_Query" />
    </UnitTest>
    <UnitTest name="GetAll_EU_Realms" storage="d:\visual studio 2010\projects\wowdotnetapi\realmapi.test\bin\debug\realmapi.test.dll" id="4491a6b8-c9f2-a204-f1ca-6cd219953d98">
      <Execution id="e55a27f3-1721-4099-9cc4-b4c5d99d9eab" />
      <TestMethod codeBase="D:/Visual Studio 2010/Projects/WowDotNetAPI/RealmAPI.Test/bin/Debug/RealmAPI.Test.DLL" adapterTypeName="Microsoft.VisualStudio.TestTools.TestTypes.Unit.UnitTestAdapter, Microsoft.VisualStudio.QualityTools.Tips.UnitTest.Adapter, Version=10.0.0.0, Culture=neutral, PublicKeyToken=b03f5f7f11d50a3a" className="RealmAPI.Test.RealmExplorerTest, RealmAPI.Test, Version=1.0.0.0, Culture=neutral, PublicKeyToken=null" name="GetAll_EU_Realms" />
    </UnitTest>
    <UnitTest name="Get_Valid_US_Realm" storage="d:\visual studio 2010\projects\wowdotnetapi\realmapi.test\bin\debug\realmapi.test.dll" id="dd757992-ff7e-4c41-cb3a-9073dee3ac40">
      <Execution id="6908c294-40c8-4984-94dd-cdfb703d31aa" />
      <TestMethod codeBase="D:/Visual Studio 2010/Projects/WowDotNetAPI/RealmAPI.Test/bin/Debug/RealmAPI.Test.DLL" adapterTypeName="Microsoft.VisualStudio.TestTools.TestTypes.Unit.UnitTestAdapter, Microsoft.VisualStudio.QualityTools.Tips.UnitTest.Adapter, Version=10.0.0.0, Culture=neutral, PublicKeyToken=b03f5f7f11d50a3a" className="RealmAPI.Test.RealmExplorerTest, RealmAPI.Test, Version=1.0.0.0, Culture=neutral, PublicKeyToken=null" name="Get_Valid_US_Realm" />
    </UnitTest>
    <UnitTest name="Get_Realms_Using_Valid_Query_Returns_Valid_Result" storage="d:\visual studio 2010\projects\wowdotnetapi\realmapi.test\bin\debug\realmapi.test.dll" id="91d78fb2-1e13-160c-5c7d-9675966b8169">
      <Execution id="3f2f6921-7068-4a6b-8b79-14fd6371b723" />
      <TestMethod codeBase="D:/Visual Studio 2010/Projects/WowDotNetAPI/RealmAPI.Test/bin/Debug/RealmAPI.Test.DLL" adapterTypeName="Microsoft.VisualStudio.TestTools.TestTypes.Unit.UnitTestAdapter, Microsoft.VisualStudio.QualityTools.Tips.UnitTest.Adapter, Version=10.0.0.0, Culture=neutral, PublicKeyToken=b03f5f7f11d50a3a" className="RealmAPI.Test.RealmExplorerTest, RealmAPI.Test, Version=1.0.0.0, Culture=neutral, PublicKeyToken=null" name="Get_Realms_Using_Valid_Query_Returns_Valid_Result" />
    </UnitTest>
    <UnitTest name="Get_Realms_Using_Multiple_ValidNames_Query" storage="d:\visual studio 2010\projects\wowdotnetapi\realmapi.test\bin\debug\realmapi.test.dll" id="707990a1-ca22-b104-1ec8-9f4d6bf8fe63">
      <Execution id="123e1f34-8ffe-4a78-93f1-9c95a8a78920" />
      <TestMethod codeBase="D:/Visual Studio 2010/Projects/WowDotNetAPI/RealmAPI.Test/bin/Debug/RealmAPI.Test.DLL" adapterTypeName="Microsoft.VisualStudio.TestTools.TestTypes.Unit.UnitTestAdapter, Microsoft.VisualStudio.QualityTools.Tips.UnitTest.Adapter, Version=10.0.0.0, Culture=neutral, PublicKeyToken=b03f5f7f11d50a3a" className="RealmAPI.Test.RealmExplorerTest, RealmAPI.Test, Version=1.0.0.0, Culture=neutral, PublicKeyToken=null" name="Get_Realms_Using_Multiple_ValidNames_Query" />
    </UnitTest>
    <UnitTest name="GetAll_US_Realms" storage="d:\visual studio 2010\projects\wowdotnetapi\realmapi.test\bin\debug\realmapi.test.dll" id="e7d9b83c-4193-8b62-50f6-f2129dba3d20">
      <Execution id="72e916a3-26f2-4ab1-af44-00597a852f90" />
      <TestMethod codeBase="D:/Visual Studio 2010/Projects/WowDotNetAPI/RealmAPI.Test/bin/Debug/RealmAPI.Test.DLL" adapterTypeName="Microsoft.VisualStudio.TestTools.TestTypes.Unit.UnitTestAdapter, Microsoft.VisualStudio.QualityTools.Tips.UnitTest.Adapter, Version=10.0.0.0, Culture=neutral, PublicKeyToken=b03f5f7f11d50a3a" className="RealmAPI.Test.RealmExplorerTest, RealmAPI.Test, Version=1.0.0.0, Culture=neutral, PublicKeyToken=null" name="GetAll_US_Realms" />
    </UnitTest>
    <UnitTest name="Get_Invalid_KR_Realm" storage="d:\visual studio 2010\projects\wowdotnetapi\realmapi.test\bin\debug\realmapi.test.dll" id="57c4e268-2ad1-24e6-0cf7-00b9834db970">
      <Execution id="7153720b-fe85-4527-86f7-aa7b6a6d4e42" />
      <TestMethod codeBase="D:/Visual Studio 2010/Projects/WowDotNetAPI/RealmAPI.Test/bin/Debug/RealmAPI.Test.DLL" adapterTypeName="Microsoft.VisualStudio.TestTools.TestTypes.Unit.UnitTestAdapter, Microsoft.VisualStudio.QualityTools.Tips.UnitTest.Adapter, Version=10.0.0.0, Culture=neutral, PublicKeyToken=b03f5f7f11d50a3a" className="RealmAPI.Test.RealmExplorerTest, RealmAPI.Test, Version=1.0.0.0, Culture=neutral, PublicKeyToken=null" name="Get_Invalid_KR_Realm" />
    </UnitTest>
    <UnitTest name="Get_Invalid_EU_Realm" storage="d:\visual studio 2010\projects\wowdotnetapi\realmapi.test\bin\debug\realmapi.test.dll" id="5ee86b37-da80-71a0-5f59-f20e6892cdf7">
      <Execution id="e48e6d24-725b-41b0-ba79-22bfea33d655" />
      <TestMethod codeBase="D:/Visual Studio 2010/Projects/WowDotNetAPI/RealmAPI.Test/bin/Debug/RealmAPI.Test.DLL" adapterTypeName="Microsoft.VisualStudio.TestTools.TestTypes.Unit.UnitTestAdapter, Microsoft.VisualStudio.QualityTools.Tips.UnitTest.Adapter, Version=10.0.0.0, Culture=neutral, PublicKeyToken=b03f5f7f11d50a3a" className="RealmAPI.Test.RealmExplorerTest, RealmAPI.Test, Version=1.0.0.0, Culture=neutral, PublicKeyToken=null" name="Get_Invalid_EU_Realm" />
    </UnitTest>
    <UnitTest name="Get_Realms_Using_Multiple_ValidNamesArray_Query" storage="d:\visual studio 2010\projects\wowdotnetapi\realmapi.test\bin\debug\realmapi.test.dll" id="6344372c-8e75-0725-d48b-eb26d4f91e9d">
      <Execution id="095fa906-f9b9-4e2a-a3fc-8e4c7bb3a6d7" />
      <TestMethod codeBase="D:/Visual Studio 2010/Projects/WowDotNetAPI/RealmAPI.Test/bin/Debug/RealmAPI.Test.DLL" adapterTypeName="Microsoft.VisualStudio.TestTools.TestTypes.Unit.UnitTestAdapter, Microsoft.VisualStudio.QualityTools.Tips.UnitTest.Adapter, Version=10.0.0.0, Culture=neutral, PublicKeyToken=b03f5f7f11d50a3a" className="RealmAPI.Test.RealmExplorerTest, RealmAPI.Test, Version=1.0.0.0, Culture=neutral, PublicKeyToken=null" name="Get_Realms_Using_Multiple_ValidNamesArray_Query" />
    </UnitTest>
    <UnitTest name="Get_Valid_EU_Realm" storage="d:\visual studio 2010\projects\wowdotnetapi\realmapi.test\bin\debug\realmapi.test.dll" id="710d1407-a9ad-96c8-20ba-ccf5911743d0">
      <Execution id="4b429112-174f-4df7-a8c7-b86c5cf37d27" />
      <TestMethod codeBase="D:/Visual Studio 2010/Projects/WowDotNetAPI/RealmAPI.Test/bin/Debug/RealmAPI.Test.DLL" adapterTypeName="Microsoft.VisualStudio.TestTools.TestTypes.Unit.UnitTestAdapter, Microsoft.VisualStudio.QualityTools.Tips.UnitTest.Adapter, Version=10.0.0.0, Culture=neutral, PublicKeyToken=b03f5f7f11d50a3a" className="RealmAPI.Test.RealmExplorerTest, RealmAPI.Test, Version=1.0.0.0, Culture=neutral, PublicKeyToken=null" name="Get_Valid_EU_Realm" />
    </UnitTest>
    <UnitTest name="Get_Invalid_US_Realm" storage="d:\visual studio 2010\projects\wowdotnetapi\realmapi.test\bin\debug\realmapi.test.dll" id="ba952dac-5f37-2ba4-33a1-e60c919490ba">
      <Execution id="62030ab0-9efa-4461-8407-271ee26eb709" />
      <TestMethod codeBase="D:/Visual Studio 2010/Projects/WowDotNetAPI/RealmAPI.Test/bin/Debug/RealmAPI.Test.DLL" adapterTypeName="Microsoft.VisualStudio.TestTools.TestTypes.Unit.UnitTestAdapter, Microsoft.VisualStudio.QualityTools.Tips.UnitTest.Adapter, Version=10.0.0.0, Culture=neutral, PublicKeyToken=b03f5f7f11d50a3a" className="RealmAPI.Test.RealmExplorerTest, RealmAPI.Test, Version=1.0.0.0, Culture=neutral, PublicKeyToken=null" name="Get_Invalid_US_Realm" />
    </UnitTest>
    <UnitTest name="Get_All_Realms_By_Queue" storage="d:\visual studio 2010\projects\wowdotnetapi\realmapi.test\bin\debug\realmapi.test.dll" id="1667cf12-b7b3-b8cf-8d54-f490afa44677">
      <Execution id="9ac502f6-46c1-4532-872b-bb4c04df9cca" />
      <TestMethod codeBase="D:/Visual Studio 2010/Projects/WowDotNetAPI/RealmAPI.Test/bin/Debug/RealmAPI.Test.DLL" adapterTypeName="Microsoft.VisualStudio.TestTools.TestTypes.Unit.UnitTestAdapter, Microsoft.VisualStudio.QualityTools.Tips.UnitTest.Adapter, Version=10.0.0.0, Culture=neutral, PublicKeyToken=b03f5f7f11d50a3a" className="RealmAPI.Test.RealmExplorerTest, RealmAPI.Test, Version=1.0.0.0, Culture=neutral, PublicKeyToken=null" name="Get_All_Realms_By_Queue" />
    </UnitTest>
    <UnitTest name="GetAll_KR_Realms" storage="d:\visual studio 2010\projects\wowdotnetapi\realmapi.test\bin\debug\realmapi.test.dll" id="73220a94-4b99-cbd4-b347-bbd2b79c3294">
      <Execution id="7ea428cd-9c57-48d2-8a1c-d974a352368b" />
      <TestMethod codeBase="D:/Visual Studio 2010/Projects/WowDotNetAPI/RealmAPI.Test/bin/Debug/RealmAPI.Test.DLL" adapterTypeName="Microsoft.VisualStudio.TestTools.TestTypes.Unit.UnitTestAdapter, Microsoft.VisualStudio.QualityTools.Tips.UnitTest.Adapter, Version=10.0.0.0, Culture=neutral, PublicKeyToken=b03f5f7f11d50a3a" className="RealmAPI.Test.RealmExplorerTest, RealmAPI.Test, Version=1.0.0.0, Culture=neutral, PublicKeyToken=null" name="GetAll_KR_Realms" />
    </UnitTest>
    <UnitTest name="GetAllRealms_InvalidLocation_URL" storage="d:\visual studio 2010\projects\wowdotnetapi\realmapi.test\bin\debug\realmapi.test.dll" id="292cb1ef-5040-cb9f-b16e-7e0a1a91ad57">
      <Execution id="77923c06-42c8-493f-a592-355a824d91f4" />
      <TestMethod codeBase="D:/Visual Studio 2010/Projects/WowDotNetAPI/RealmAPI.Test/bin/Debug/RealmAPI.Test.DLL" adapterTypeName="Microsoft.VisualStudio.TestTools.TestTypes.Unit.UnitTestAdapter, Microsoft.VisualStudio.QualityTools.Tips.UnitTest.Adapter, Version=10.0.0.0, Culture=neutral, PublicKeyToken=b03f5f7f11d50a3a" className="RealmAPI.Test.RealmExplorerTest, RealmAPI.Test, Version=1.0.0.0, Culture=neutral, PublicKeyToken=null" name="GetAllRealms_InvalidLocation_URL" />
    </UnitTest>
    <UnitTest name="Get_Realms_Using_Multiple_InvalidNames_Query" storage="d:\visual studio 2010\projects\wowdotnetapi\realmapi.test\bin\debug\realmapi.test.dll" id="08d2fbe5-1b6e-d0da-202e-3826857d390a">
      <Execution id="9f398b40-1ded-473f-9bd9-c03944b882af" />
      <TestMethod codeBase="D:/Visual Studio 2010/Projects/WowDotNetAPI/RealmAPI.Test/bin/Debug/RealmAPI.Test.DLL" adapterTypeName="Microsoft.VisualStudio.TestTools.TestTypes.Unit.UnitTestAdapter, Microsoft.VisualStudio.QualityTools.Tips.UnitTest.Adapter, Version=10.0.0.0, Culture=neutral, PublicKeyToken=b03f5f7f11d50a3a" className="RealmAPI.Test.RealmExplorerTest, RealmAPI.Test, Version=1.0.0.0, Culture=neutral, PublicKeyToken=null" name="Get_Realms_Using_Multiple_InvalidNames_Query" />
    </UnitTest>
    <UnitTest name="Get_All_Realms_By_Status" storage="d:\visual studio 2010\projects\wowdotnetapi\realmapi.test\bin\debug\realmapi.test.dll" id="79084d8a-1380-0d34-b6c1-9bbf8ccd95a1">
      <Execution id="d268cfea-0711-41f0-9627-1e617fbff214" />
      <TestMethod codeBase="D:/Visual Studio 2010/Projects/WowDotNetAPI/RealmAPI.Test/bin/Debug/RealmAPI.Test.DLL" adapterTypeName="Microsoft.VisualStudio.TestTools.TestTypes.Unit.UnitTestAdapter, Microsoft.VisualStudio.QualityTools.Tips.UnitTest.Adapter, Version=10.0.0.0, Culture=neutral, PublicKeyToken=b03f5f7f11d50a3a" className="RealmAPI.Test.RealmExplorerTest, RealmAPI.Test, Version=1.0.0.0, Culture=neutral, PublicKeyToken=null" name="Get_All_Realms_By_Status" />
    </UnitTest>
    <UnitTest name="Get_All_Realms_By_Type" storage="d:\visual studio 2010\projects\wowdotnetapi\realmapi.test\bin\debug\realmapi.test.dll" id="a9446daf-6edb-437b-2cf8-d41d95f50f37">
      <Execution id="7baa9641-1be5-45c7-b865-578172b1e4a5" />
      <TestMethod codeBase="D:/Visual Studio 2010/Projects/WowDotNetAPI/RealmAPI.Test/bin/Debug/RealmAPI.Test.DLL" adapterTypeName="Microsoft.VisualStudio.TestTools.TestTypes.Unit.UnitTestAdapter, Microsoft.VisualStudio.QualityTools.Tips.UnitTest.Adapter, Version=10.0.0.0, Culture=neutral, PublicKeyToken=b03f5f7f11d50a3a" className="RealmAPI.Test.RealmExplorerTest, RealmAPI.Test, Version=1.0.0.0, Culture=neutral, PublicKeyToken=null" name="Get_All_Realms_By_Type" />
    </UnitTest>
    <UnitTest name="Get_Realms_Using_Invalid_Query_Returns_Null" storage="d:\visual studio 2010\projects\wowdotnetapi\realmapi.test\bin\debug\realmapi.test.dll" id="db641adb-f27b-7ead-2e88-bfa3a60e2035">
      <Execution id="a0b8378a-74ae-42f1-8da9-423e0708e972" />
      <TestMethod codeBase="D:/Visual Studio 2010/Projects/WowDotNetAPI/RealmAPI.Test/bin/Debug/RealmAPI.Test.DLL" adapterTypeName="Microsoft.VisualStudio.TestTools.TestTypes.Unit.UnitTestAdapter, Microsoft.VisualStudio.QualityTools.Tips.UnitTest.Adapter, Version=10.0.0.0, Culture=neutral, PublicKeyToken=b03f5f7f11d50a3a" className="RealmAPI.Test.RealmExplorerTest, RealmAPI.Test, Version=1.0.0.0, Culture=neutral, PublicKeyToken=null" name="Get_Realms_Using_Invalid_Query_Returns_Null" />
    </UnitTest>
    <UnitTest name="Get_All_Realms_By_Population" storage="d:\visual studio 2010\projects\wowdotnetapi\realmapi.test\bin\debug\realmapi.test.dll" id="884b373c-d299-48da-e939-29739a48a124">
      <Execution id="c91ef6ea-ec7f-4620-808d-492f940fe4f7" />
      <TestMethod codeBase="D:/Visual Studio 2010/Projects/WowDotNetAPI/RealmAPI.Test/bin/Debug/RealmAPI.Test.DLL" adapterTypeName="Microsoft.VisualStudio.TestTools.TestTypes.Unit.UnitTestAdapter, Microsoft.VisualStudio.QualityTools.Tips.UnitTest.Adapter, Version=10.0.0.0, Culture=neutral, PublicKeyToken=b03f5f7f11d50a3a" className="RealmAPI.Test.RealmExplorerTest, RealmAPI.Test, Version=1.0.0.0, Culture=neutral, PublicKeyToken=null" name="Get_All_Realms_By_Population" />
    </UnitTest>
    <UnitTest name="Get_Valid_KR_Realm" storage="d:\visual studio 2010\projects\wowdotnetapi\realmapi.test\bin\debug\realmapi.test.dll" id="b2fbf06e-b806-75b8-f16c-2eb5bf6c6c89">
      <Execution id="76d9874c-454d-401e-848e-9a4d99906806" />
      <TestMethod codeBase="D:/Visual Studio 2010/Projects/WowDotNetAPI/RealmAPI.Test/bin/Debug/RealmAPI.Test.DLL" adapterTypeName="Microsoft.VisualStudio.TestTools.TestTypes.Unit.UnitTestAdapter, Microsoft.VisualStudio.QualityTools.Tips.UnitTest.Adapter, Version=10.0.0.0, Culture=neutral, PublicKeyToken=b03f5f7f11d50a3a" className="RealmAPI.Test.RealmExplorerTest, RealmAPI.Test, Version=1.0.0.0, Culture=neutral, PublicKeyToken=null" name="Get_Valid_KR_Realm" />
    </UnitTest>
  </TestDefinitions>
  <TestLists>
    <TestList name="Results Not in a List" id="8c84fa94-04c1-424b-9868-57a2d4851a1d" />
    <TestList name="All Loaded Results" id="19431567-8539-422a-85d7-44ee4e166bda" />
  </TestLists>
  <TestEntries>
    <TestEntry testId="08d2fbe5-1b6e-d0da-202e-3826857d390a" executionId="9f398b40-1ded-473f-9bd9-c03944b882af" testListId="8c84fa94-04c1-424b-9868-57a2d4851a1d" />
    <TestEntry testId="1667cf12-b7b3-b8cf-8d54-f490afa44677" executionId="9ac502f6-46c1-4532-872b-bb4c04df9cca" testListId="8c84fa94-04c1-424b-9868-57a2d4851a1d" />
    <TestEntry testId="2871af18-3198-d03e-98a1-6ac3621dd3a4" executionId="c92a142f-5ca9-48c3-b035-6110800fef68" testListId="8c84fa94-04c1-424b-9868-57a2d4851a1d" />
    <TestEntry testId="292cb1ef-5040-cb9f-b16e-7e0a1a91ad57" executionId="77923c06-42c8-493f-a592-355a824d91f4" testListId="8c84fa94-04c1-424b-9868-57a2d4851a1d" />
    <TestEntry testId="4491a6b8-c9f2-a204-f1ca-6cd219953d98" executionId="e55a27f3-1721-4099-9cc4-b4c5d99d9eab" testListId="8c84fa94-04c1-424b-9868-57a2d4851a1d" />
    <TestEntry testId="57c4e268-2ad1-24e6-0cf7-00b9834db970" executionId="7153720b-fe85-4527-86f7-aa7b6a6d4e42" testListId="8c84fa94-04c1-424b-9868-57a2d4851a1d" />
    <TestEntry testId="5ee86b37-da80-71a0-5f59-f20e6892cdf7" executionId="e48e6d24-725b-41b0-ba79-22bfea33d655" testListId="8c84fa94-04c1-424b-9868-57a2d4851a1d" />
    <TestEntry testId="6344372c-8e75-0725-d48b-eb26d4f91e9d" executionId="095fa906-f9b9-4e2a-a3fc-8e4c7bb3a6d7" testListId="8c84fa94-04c1-424b-9868-57a2d4851a1d" />
    <TestEntry testId="707990a1-ca22-b104-1ec8-9f4d6bf8fe63" executionId="123e1f34-8ffe-4a78-93f1-9c95a8a78920" testListId="8c84fa94-04c1-424b-9868-57a2d4851a1d" />
    <TestEntry testId="710d1407-a9ad-96c8-20ba-ccf5911743d0" executionId="4b429112-174f-4df7-a8c7-b86c5cf37d27" testListId="8c84fa94-04c1-424b-9868-57a2d4851a1d" />
    <TestEntry testId="73220a94-4b99-cbd4-b347-bbd2b79c3294" executionId="7ea428cd-9c57-48d2-8a1c-d974a352368b" testListId="8c84fa94-04c1-424b-9868-57a2d4851a1d" />
    <TestEntry testId="79084d8a-1380-0d34-b6c1-9bbf8ccd95a1" executionId="d268cfea-0711-41f0-9627-1e617fbff214" testListId="8c84fa94-04c1-424b-9868-57a2d4851a1d" />
    <TestEntry testId="884b373c-d299-48da-e939-29739a48a124" executionId="c91ef6ea-ec7f-4620-808d-492f940fe4f7" testListId="8c84fa94-04c1-424b-9868-57a2d4851a1d" />
    <TestEntry testId="91d78fb2-1e13-160c-5c7d-9675966b8169" executionId="3f2f6921-7068-4a6b-8b79-14fd6371b723" testListId="8c84fa94-04c1-424b-9868-57a2d4851a1d" />
    <TestEntry testId="a9446daf-6edb-437b-2cf8-d41d95f50f37" executionId="7baa9641-1be5-45c7-b865-578172b1e4a5" testListId="8c84fa94-04c1-424b-9868-57a2d4851a1d" />
    <TestEntry testId="b2fbf06e-b806-75b8-f16c-2eb5bf6c6c89" executionId="76d9874c-454d-401e-848e-9a4d99906806" testListId="8c84fa94-04c1-424b-9868-57a2d4851a1d" />
    <TestEntry testId="ba952dac-5f37-2ba4-33a1-e60c919490ba" executionId="62030ab0-9efa-4461-8407-271ee26eb709" testListId="8c84fa94-04c1-424b-9868-57a2d4851a1d" />
    <TestEntry testId="db641adb-f27b-7ead-2e88-bfa3a60e2035" executionId="a0b8378a-74ae-42f1-8da9-423e0708e972" testListId="8c84fa94-04c1-424b-9868-57a2d4851a1d" />
    <TestEntry testId="dd757992-ff7e-4c41-cb3a-9073dee3ac40" executionId="6908c294-40c8-4984-94dd-cdfb703d31aa" testListId="8c84fa94-04c1-424b-9868-57a2d4851a1d" />
    <TestEntry testId="e7d9b83c-4193-8b62-50f6-f2129dba3d20" executionId="72e916a3-26f2-4ab1-af44-00597a852f90" testListId="8c84fa94-04c1-424b-9868-57a2d4851a1d" />
  </TestEntries>
  <Results>
    <UnitTestResult executionId="9f398b40-1ded-473f-9bd9-c03944b882af" testId="08d2fbe5-1b6e-d0da-202e-3826857d390a" testName="Get_Realms_Using_Multiple_InvalidNames_Query" computerName="TERRA" duration="00:00:00.4184320" startTime="2011-04-23T02:57:40.1811714-04:00" endTime="2011-04-23T02:57:40.7362032-04:00" testType="13cdc9d9-ddb5-4fa4-a97d-d965ccfc6d4b" outcome="Passed" testListId="8c84fa94-04c1-424b-9868-57a2d4851a1d" relativeResultsDirectory="9f398b40-1ded-473f-9bd9-c03944b882af">
    </UnitTestResult>
    <UnitTestResult executionId="9ac502f6-46c1-4532-872b-bb4c04df9cca" testId="1667cf12-b7b3-b8cf-8d54-f490afa44677" testName="Get_All_Realms_By_Queue" computerName="TERRA" duration="00:00:00.6356864" startTime="2011-04-23T02:57:40.7372032-04:00" endTime="2011-04-23T02:57:41.3762398-04:00" testType="13cdc9d9-ddb5-4fa4-a97d-d965ccfc6d4b" outcome="Passed" testListId="8c84fa94-04c1-424b-9868-57a2d4851a1d" relativeResultsDirectory="9ac502f6-46c1-4532-872b-bb4c04df9cca">
    </UnitTestResult>
    <UnitTestResult executionId="c92a142f-5ca9-48c3-b035-6110800fef68" testId="2871af18-3198-d03e-98a1-6ac3621dd3a4" testName="Get_Realms_Using_Multiple_InvalidNamesArray_Query" computerName="TERRA" duration="00:00:00.1436301" startTime="2011-04-23T02:57:41.3782399-04:00" endTime="2011-04-23T02:57:41.5262483-04:00" testType="13cdc9d9-ddb5-4fa4-a97d-d965ccfc6d4b" outcome="Passed" testListId="8c84fa94-04c1-424b-9868-57a2d4851a1d" relativeResultsDirectory="c92a142f-5ca9-48c3-b035-6110800fef68">
    </UnitTestResult>
    <UnitTestResult executionId="77923c06-42c8-493f-a592-355a824d91f4" testId="292cb1ef-5040-cb9f-b16e-7e0a1a91ad57" testName="GetAllRealms_InvalidLocation_URL" computerName="TERRA" duration="00:00:02.2627669" startTime="2011-04-23T02:57:41.5282485-04:00" endTime="2011-04-23T02:57:43.7963782-04:00" testType="13cdc9d9-ddb5-4fa4-a97d-d965ccfc6d4b" outcome="Passed" testListId="8c84fa94-04c1-424b-9868-57a2d4851a1d" relativeResultsDirectory="77923c06-42c8-493f-a592-355a824d91f4">
    </UnitTestResult>
    <UnitTestResult executionId="e55a27f3-1721-4099-9cc4-b4c5d99d9eab" testId="4491a6b8-c9f2-a204-f1ca-6cd219953d98" testName="GetAll_EU_Realms" computerName="TERRA" duration="00:00:01.0338907" startTime="2011-04-23T02:57:43.7973782-04:00" endTime="2011-04-23T02:57:44.8364377-04:00" testType="13cdc9d9-ddb5-4fa4-a97d-d965ccfc6d4b" outcome="Passed" testListId="8c84fa94-04c1-424b-9868-57a2d4851a1d" relativeResultsDirectory="e55a27f3-1721-4099-9cc4-b4c5d99d9eab">
    </UnitTestResult>
    <UnitTestResult executionId="7153720b-fe85-4527-86f7-aa7b6a6d4e42" testId="57c4e268-2ad1-24e6-0cf7-00b9834db970" testName="Get_Invalid_KR_Realm" computerName="TERRA" duration="00:00:00.6648766" startTime="2011-04-23T02:57:44.8374377-04:00" endTime="2011-04-23T02:57:45.5074761-04:00" testType="13cdc9d9-ddb5-4fa4-a97d-d965ccfc6d4b" outcome="Passed" testListId="8c84fa94-04c1-424b-9868-57a2d4851a1d" relativeResultsDirectory="7153720b-fe85-4527-86f7-aa7b6a6d4e42">
    </UnitTestResult>
    <UnitTestResult executionId="e48e6d24-725b-41b0-ba79-22bfea33d655" testId="5ee86b37-da80-71a0-5f59-f20e6892cdf7" testName="Get_Invalid_EU_Realm" computerName="TERRA" duration="00:00:00.1559168" startTime="2011-04-23T02:57:45.5094762-04:00" endTime="2011-04-23T02:57:45.6694853-04:00" testType="13cdc9d9-ddb5-4fa4-a97d-d965ccfc6d4b" outcome="Passed" testListId="8c84fa94-04c1-424b-9868-57a2d4851a1d" relativeResultsDirectory="e48e6d24-725b-41b0-ba79-22bfea33d655">
    </UnitTestResult>
    <UnitTestResult executionId="095fa906-f9b9-4e2a-a3fc-8e4c7bb3a6d7" testId="6344372c-8e75-0725-d48b-eb26d4f91e9d" testName="Get_Realms_Using_Multiple_ValidNamesArray_Query" computerName="TERRA" duration="00:00:00.2739624" startTime="2011-04-23T02:57:45.6714854-04:00" endTime="2011-04-23T02:57:45.9505014-04:00" testType="13cdc9d9-ddb5-4fa4-a97d-d965ccfc6d4b" outcome="Passed" testListId="8c84fa94-04c1-424b-9868-57a2d4851a1d" relativeResultsDirectory="095fa906-f9b9-4e2a-a3fc-8e4c7bb3a6d7">
    </UnitTestResult>
    <UnitTestResult executionId="123e1f34-8ffe-4a78-93f1-9c95a8a78920" testId="707990a1-ca22-b104-1ec8-9f4d6bf8fe63" testName="Get_Realms_Using_Multiple_ValidNames_Query" computerName="TERRA" duration="00:00:00.1344529" startTime="2011-04-23T02:57:45.9515015-04:00" endTime="2011-04-23T02:57:46.0915095-04:00" testType="13cdc9d9-ddb5-4fa4-a97d-d965ccfc6d4b" outcome="Passed" testListId="8c84fa94-04c1-424b-9868-57a2d4851a1d" relativeResultsDirectory="123e1f34-8ffe-4a78-93f1-9c95a8a78920">
    </UnitTestResult>
    <UnitTestResult executionId="4b429112-174f-4df7-a8c7-b86c5cf37d27" testId="710d1407-a9ad-96c8-20ba-ccf5911743d0" testName="Get_Valid_EU_Realm" computerName="TERRA" duration="00:00:00.2638515" startTime="2011-04-23T02:57:46.0925095-04:00" endTime="2011-04-23T02:57:46.3615249-04:00" testType="13cdc9d9-ddb5-4fa4-a97d-d965ccfc6d4b" outcome="Passed" testListId="8c84fa94-04c1-424b-9868-57a2d4851a1d" relativeResultsDirectory="4b429112-174f-4df7-a8c7-b86c5cf37d27">
    </UnitTestResult>
    <UnitTestResult executionId="7ea428cd-9c57-48d2-8a1c-d974a352368b" testId="73220a94-4b99-cbd4-b347-bbd2b79c3294" testName="GetAll_KR_Realms" computerName="TERRA" duration="00:00:00.9559043" startTime="2011-04-23T02:57:46.3635250-04:00" endTime="2011-04-23T02:57:47.3235799-04:00" testType="13cdc9d9-ddb5-4fa4-a97d-d965ccfc6d4b" outcome="Passed" testListId="8c84fa94-04c1-424b-9868-57a2d4851a1d" relativeResultsDirectory="7ea428cd-9c57-48d2-8a1c-d974a352368b">
    </UnitTestResult>
    <UnitTestResult executionId="d268cfea-0711-41f0-9627-1e617fbff214" testId="79084d8a-1380-0d34-b6c1-9bbf8ccd95a1" testName="Get_All_Realms_By_Status" computerName="TERRA" duration="00:00:00.6308705" startTime="2011-04-23T02:57:47.3245800-04:00" endTime="2011-04-23T02:57:47.9586163-04:00" testType="13cdc9d9-ddb5-4fa4-a97d-d965ccfc6d4b" outcome="Passed" testListId="8c84fa94-04c1-424b-9868-57a2d4851a1d" relativeResultsDirectory="d268cfea-0711-41f0-9627-1e617fbff214">
    </UnitTestResult>
    <UnitTestResult executionId="c91ef6ea-ec7f-4620-808d-492f940fe4f7" testId="884b373c-d299-48da-e939-29739a48a124" testName="Get_All_Realms_By_Population" computerName="TERRA" duration="00:00:00.2786290" startTime="2011-04-23T02:57:47.9596163-04:00" endTime="2011-04-23T02:57:48.2436326-04:00" testType="13cdc9d9-ddb5-4fa4-a97d-d965ccfc6d4b" outcome="Passed" testListId="8c84fa94-04c1-424b-9868-57a2d4851a1d" relativeResultsDirectory="c91ef6ea-ec7f-4620-808d-492f940fe4f7">
    </UnitTestResult>
    <UnitTestResult executionId="3f2f6921-7068-4a6b-8b79-14fd6371b723" testId="91d78fb2-1e13-160c-5c7d-9675966b8169" testName="Get_Realms_Using_Valid_Query_Returns_Valid_Result" computerName="TERRA" duration="00:00:00.1347127" startTime="2011-04-23T02:57:48.2446326-04:00" endTime="2011-04-23T02:57:48.3846406-04:00" testType="13cdc9d9-ddb5-4fa4-a97d-d965ccfc6d4b" outcome="Passed" testListId="8c84fa94-04c1-424b-9868-57a2d4851a1d" relativeResultsDirectory="3f2f6921-7068-4a6b-8b79-14fd6371b723">
    </UnitTestResult>
    <UnitTestResult executionId="7baa9641-1be5-45c7-b865-578172b1e4a5" testId="a9446daf-6edb-437b-2cf8-d41d95f50f37" testName="Get_All_Realms_By_Type" computerName="TERRA" duration="00:00:00.2734190" startTime="2011-04-23T02:57:48.3866407-04:00" endTime="2011-04-23T02:57:48.6646566-04:00" testType="13cdc9d9-ddb5-4fa4-a97d-d965ccfc6d4b" outcome="Passed" testListId="8c84fa94-04c1-424b-9868-57a2d4851a1d" relativeResultsDirectory="7baa9641-1be5-45c7-b865-578172b1e4a5">
    </UnitTestResult>
    <UnitTestResult executionId="76d9874c-454d-401e-848e-9a4d99906806" testId="b2fbf06e-b806-75b8-f16c-2eb5bf6c6c89" testName="Get_Valid_KR_Realm" computerName="TERRA" duration="00:00:00.3328495" startTime="2011-04-23T02:57:48.6666568-04:00" endTime="2011-04-23T02:57:49.0046761-04:00" testType="13cdc9d9-ddb5-4fa4-a97d-d965ccfc6d4b" outcome="Passed" testListId="8c84fa94-04c1-424b-9868-57a2d4851a1d" relativeResultsDirectory="76d9874c-454d-401e-848e-9a4d99906806">
    </UnitTestResult>
    <UnitTestResult executionId="62030ab0-9efa-4461-8407-271ee26eb709" testId="ba952dac-5f37-2ba4-33a1-e60c919490ba" testName="Get_Invalid_US_Realm" computerName="TERRA" duration="00:00:00.1357491" startTime="2011-04-23T02:57:49.0056761-04:00" endTime="2011-04-23T02:57:49.1466842-04:00" testType="13cdc9d9-ddb5-4fa4-a97d-d965ccfc6d4b" outcome="Passed" testListId="8c84fa94-04c1-424b-9868-57a2d4851a1d" relativeResultsDirectory="62030ab0-9efa-4461-8407-271ee26eb709">
    </UnitTestResult>
    <UnitTestResult executionId="a0b8378a-74ae-42f1-8da9-423e0708e972" testId="db641adb-f27b-7ead-2e88-bfa3a60e2035" testName="Get_Realms_Using_Invalid_Query_Returns_Null" computerName="TERRA" duration="00:00:00.9044930" startTime="2011-04-23T02:57:49.1476843-04:00" endTime="2011-04-23T02:57:50.0577363-04:00" testType="13cdc9d9-ddb5-4fa4-a97d-d965ccfc6d4b" outcome="Failed" testListId="8c84fa94-04c1-424b-9868-57a2d4851a1d" relativeResultsDirectory="a0b8378a-74ae-42f1-8da9-423e0708e972">
      <Output>
        <ErrorInfo>
          <Message>Assert.IsNull failed. </Message>
          <StackTrace>   at RealmAPI.Test.RealmExplorerTest.Get_Realms_Using_Invalid_Query_Returns_Null() in D:\Visual Studio 2010\Projects\WowDotNetAPI\RealmAPI.Test\RealmExplorerTest.cs:line 157
</StackTrace>
        </ErrorInfo>
      </Output>
    </UnitTestResult>
    <UnitTestResult executionId="6908c294-40c8-4984-94dd-cdfb703d31aa" testId="dd757992-ff7e-4c41-cb3a-9073dee3ac40" testName="Get_Valid_US_Realm" computerName="TERRA" duration="00:00:00.1311615" startTime="2011-04-23T02:57:50.0587364-04:00" endTime="2011-04-23T02:57:50.1937441-04:00" testType="13cdc9d9-ddb5-4fa4-a97d-d965ccfc6d4b" outcome="Passed" testListId="8c84fa94-04c1-424b-9868-57a2d4851a1d" relativeResultsDirectory="6908c294-40c8-4984-94dd-cdfb703d31aa">
    </UnitTestResult>
    <UnitTestResult executionId="72e916a3-26f2-4ab1-af44-00597a852f90" testId="e7d9b83c-4193-8b62-50f6-f2129dba3d20" testName="GetAll_US_Realms" computerName="TERRA" duration="00:00:00.2795562" startTime="2011-04-23T02:57:50.1957442-04:00" endTime="2011-04-23T02:57:50.4797605-04:00" testType="13cdc9d9-ddb5-4fa4-a97d-d965ccfc6d4b" outcome="Passed" testListId="8c84fa94-04c1-424b-9868-57a2d4851a1d" relativeResultsDirectory="72e916a3-26f2-4ab1-af44-00597a852f90">
    </UnitTestResult>
  </Results>
</TestRun>