<?xml version="1.0" encoding="UTF-8"?>
<TestRun id="2c88d4e5-4c5b-42cf-98e7-de6b36f92b2f" name="briandek@TERRA 2011-04-23 03:02:44" runUser="Terra\briandek" xmlns="http://microsoft.com/schemas/VisualStudio/TeamTest/2010">
  <TestSettings name="Local" id="0134485d-d616-41be-ad31-963a4aa628bb">
    <Description>These are default test settings for a local test run.</Description>
    <Deployment enabled="false" runDeploymentRoot="briandek_TERRA 2011-04-23 03_02_44">
      <DeploymentItem filename="D:\Visual Studio 2010\Projects\WowDotNetAPI\RealmAPI\bin\Debug\RealmAPI.dll" />
    </Deployment>
    <Execution>
      <TestTypeSpecific />
      <AgentRule name="Execution Agents">
      </AgentRule>
    </Execution>
  </TestSettings>
  <Times creation="2011-04-23T03:02:44.5055778-04:00" queuing="2011-04-23T03:02:44.5255789-04:00" start="2011-04-23T03:02:44.5315793-04:00" finish="2011-04-23T03:02:54.7321627-04:00" />
  <ResultSummary outcome="Completed">
    <Counters total="20" executed="20" passed="20" error="0" failed="0" timeout="0" aborted="0" inconclusive="0" passedButRunAborted="0" notRunnable="0" notExecuted="0" disconnected="0" warning="0" completed="0" inProgress="0" pending="0" />
  </ResultSummary>
  <TestDefinitions>
    <UnitTest name="Get_Realms_Using_Valid_Query" storage="d:\visual studio 2010\projects\wowdotnetapi\realmapi.test\bin\debug\realmapi.test.dll" id="1764edda-644c-f396-1a77-afa78e32aa52">
      <Execution id="3b340862-7bc0-4215-8199-b4b0a74dc4c8" />
      <TestMethod codeBase="D:/Visual Studio 2010/Projects/WowDotNetAPI/RealmAPI.Test/bin/Debug/RealmAPI.Test.DLL" adapterTypeName="Microsoft.VisualStudio.TestTools.TestTypes.Unit.UnitTestAdapter, Microsoft.VisualStudio.QualityTools.Tips.UnitTest.Adapter, Version=10.0.0.0, Culture=neutral, PublicKeyToken=b03f5f7f11d50a3a" className="RealmAPI.Test.RealmExplorerTest, RealmAPI.Test, Version=1.0.0.0, Culture=neutral, PublicKeyToken=null" name="Get_Realms_Using_Valid_Query" />
    </UnitTest>
    <UnitTest name="GetAll_EU_Realms" storage="d:\visual studio 2010\projects\wowdotnetapi\realmapi.test\bin\debug\realmapi.test.dll" id="4491a6b8-c9f2-a204-f1ca-6cd219953d98">
      <Execution id="29c2def5-5928-4447-a36a-e3cf8c2119d4" />
      <TestMethod codeBase="D:/Visual Studio 2010/Projects/WowDotNetAPI/RealmAPI.Test/bin/Debug/RealmAPI.Test.DLL" adapterTypeName="Microsoft.VisualStudio.TestTools.TestTypes.Unit.UnitTestAdapter, Microsoft.VisualStudio.QualityTools.Tips.UnitTest.Adapter, Version=10.0.0.0, Culture=neutral, PublicKeyToken=b03f5f7f11d50a3a" className="RealmAPI.Test.RealmExplorerTest, RealmAPI.Test, Version=1.0.0.0, Culture=neutral, PublicKeyToken=null" name="GetAll_EU_Realms" />
    </UnitTest>
    <UnitTest name="Get_Realms_Using_Multiple_ValidNames_Query" storage="d:\visual studio 2010\projects\wowdotnetapi\realmapi.test\bin\debug\realmapi.test.dll" id="707990a1-ca22-b104-1ec8-9f4d6bf8fe63">
      <Execution id="591b9705-91d3-4941-b0b2-8b12cd0eeab2" />
      <TestMethod codeBase="D:/Visual Studio 2010/Projects/WowDotNetAPI/RealmAPI.Test/bin/Debug/RealmAPI.Test.DLL" adapterTypeName="Microsoft.VisualStudio.TestTools.TestTypes.Unit.UnitTestAdapter, Microsoft.VisualStudio.QualityTools.Tips.UnitTest.Adapter, Version=10.0.0.0, Culture=neutral, PublicKeyToken=b03f5f7f11d50a3a" className="RealmAPI.Test.RealmExplorerTest, RealmAPI.Test, Version=1.0.0.0, Culture=neutral, PublicKeyToken=null" name="Get_Realms_Using_Multiple_ValidNames_Query" />
    </UnitTest>
    <UnitTest name="Get_All_Realms_By_Type_Returns_Pvp_Realms" storage="d:\visual studio 2010\projects\wowdotnetapi\realmapi.test\bin\debug\realmapi.test.dll" id="c9c45897-e78f-62ad-4751-2c45d854b123">
      <Execution id="cfd249cc-4cee-49a5-a19e-8beb8f9d86e8" />
      <TestMethod codeBase="D:/Visual Studio 2010/Projects/WowDotNetAPI/RealmAPI.Test/bin/Debug/RealmAPI.Test.DLL" adapterTypeName="Microsoft.VisualStudio.TestTools.TestTypes.Unit.UnitTestAdapter, Microsoft.VisualStudio.QualityTools.Tips.UnitTest.Adapter, Version=10.0.0.0, Culture=neutral, PublicKeyToken=b03f5f7f11d50a3a" className="RealmAPI.Test.RealmExplorerTest, RealmAPI.Test, Version=1.0.0.0, Culture=neutral, PublicKeyToken=null" name="Get_All_Realms_By_Type_Returns_Pvp_Realms" />
    </UnitTest>
    <UnitTest name="Get_Invalid_KR_Realm" storage="d:\visual studio 2010\projects\wowdotnetapi\realmapi.test\bin\debug\realmapi.test.dll" id="57c4e268-2ad1-24e6-0cf7-00b9834db970">
      <Execution id="dd8a13b9-90d5-4d26-aa91-f64be7f2ad57" />
      <TestMethod codeBase="D:/Visual Studio 2010/Projects/WowDotNetAPI/RealmAPI.Test/bin/Debug/RealmAPI.Test.DLL" adapterTypeName="Microsoft.VisualStudio.TestTools.TestTypes.Unit.UnitTestAdapter, Microsoft.VisualStudio.QualityTools.Tips.UnitTest.Adapter, Version=10.0.0.0, Culture=neutral, PublicKeyToken=b03f5f7f11d50a3a" className="RealmAPI.Test.RealmExplorerTest, RealmAPI.Test, Version=1.0.0.0, Culture=neutral, PublicKeyToken=null" name="Get_Invalid_KR_Realm" />
    </UnitTest>
    <UnitTest name="Get_Invalid_EU_Realm" storage="d:\visual studio 2010\projects\wowdotnetapi\realmapi.test\bin\debug\realmapi.test.dll" id="5ee86b37-da80-71a0-5f59-f20e6892cdf7">
      <Execution id="e1403091-30b7-448e-9f26-e77c03d8939c" />
      <TestMethod codeBase="D:/Visual Studio 2010/Projects/WowDotNetAPI/RealmAPI.Test/bin/Debug/RealmAPI.Test.DLL" adapterTypeName="Microsoft.VisualStudio.TestTools.TestTypes.Unit.UnitTestAdapter, Microsoft.VisualStudio.QualityTools.Tips.UnitTest.Adapter, Version=10.0.0.0, Culture=neutral, PublicKeyToken=b03f5f7f11d50a3a" className="RealmAPI.Test.RealmExplorerTest, RealmAPI.Test, Version=1.0.0.0, Culture=neutral, PublicKeyToken=null" name="Get_Invalid_EU_Realm" />
    </UnitTest>
    <UnitTest name="Get_All_Realms_By_Population_Returns_Realms_That_Have_Low_Population" storage="d:\visual studio 2010\projects\wowdotnetapi\realmapi.test\bin\debug\realmapi.test.dll" id="54503d8b-a3d8-1798-6cd1-f35962641478">
      <Execution id="bc199eb2-d108-40ee-892d-b18a994d41d4" />
      <TestMethod codeBase="D:/Visual Studio 2010/Projects/WowDotNetAPI/RealmAPI.Test/bin/Debug/RealmAPI.Test.DLL" adapterTypeName="Microsoft.VisualStudio.TestTools.TestTypes.Unit.UnitTestAdapter, Microsoft.VisualStudio.QualityTools.Tips.UnitTest.Adapter, Version=10.0.0.0, Culture=neutral, PublicKeyToken=b03f5f7f11d50a3a" className="RealmAPI.Test.RealmExplorerTest, RealmAPI.Test, Version=1.0.0.0, Culture=neutral, PublicKeyToken=null" name="Get_All_Realms_By_Population_Returns_Realms_That_Have_Low_Population" />
    </UnitTest>
    <UnitTest name="Get_Valid_EU_Realm" storage="d:\visual studio 2010\projects\wowdotnetapi\realmapi.test\bin\debug\realmapi.test.dll" id="710d1407-a9ad-96c8-20ba-ccf5911743d0">
      <Execution id="cc47830e-9eee-4d24-b018-aa347a1c2d3b" />
      <TestMethod codeBase="D:/Visual Studio 2010/Projects/WowDotNetAPI/RealmAPI.Test/bin/Debug/RealmAPI.Test.DLL" adapterTypeName="Microsoft.VisualStudio.TestTools.TestTypes.Unit.UnitTestAdapter, Microsoft.VisualStudio.QualityTools.Tips.UnitTest.Adapter, Version=10.0.0.0, Culture=neutral, PublicKeyToken=b03f5f7f11d50a3a" className="RealmAPI.Test.RealmExplorerTest, RealmAPI.Test, Version=1.0.0.0, Culture=neutral, PublicKeyToken=null" name="Get_Valid_EU_Realm" />
    </UnitTest>
    <UnitTest name="Get_All_Realms_By_Status_Returns_Realms_That_Are_Up" storage="d:\visual studio 2010\projects\wowdotnetapi\realmapi.test\bin\debug\realmapi.test.dll" id="3a58a424-202c-4993-1f21-dcc161491d40">
      <Execution id="f194a4cf-02bd-4450-8b70-af3a420aa4b1" />
      <TestMethod codeBase="D:/Visual Studio 2010/Projects/WowDotNetAPI/RealmAPI.Test/bin/Debug/RealmAPI.Test.DLL" adapterTypeName="Microsoft.VisualStudio.TestTools.TestTypes.Unit.UnitTestAdapter, Microsoft.VisualStudio.QualityTools.Tips.UnitTest.Adapter, Version=10.0.0.0, Culture=neutral, PublicKeyToken=b03f5f7f11d50a3a" className="RealmAPI.Test.RealmExplorerTest, RealmAPI.Test, Version=1.0.0.0, Culture=neutral, PublicKeyToken=null" name="Get_All_Realms_By_Status_Returns_Realms_That_Are_Up" />
    </UnitTest>
    <UnitTest name="Get_Valid_US_Realm_Returns_Unique_Realm" storage="d:\visual studio 2010\projects\wowdotnetapi\realmapi.test\bin\debug\realmapi.test.dll" id="c7d225fc-83c1-55fe-9ae3-d47fdb1fcede">
      <Execution id="5d6caaf7-d60d-4b4b-a1ec-1082b0253d69" />
      <TestMethod codeBase="D:/Visual Studio 2010/Projects/WowDotNetAPI/RealmAPI.Test/bin/Debug/RealmAPI.Test.DLL" adapterTypeName="Microsoft.VisualStudio.TestTools.TestTypes.Unit.UnitTestAdapter, Microsoft.VisualStudio.QualityTools.Tips.UnitTest.Adapter, Version=10.0.0.0, Culture=neutral, PublicKeyToken=b03f5f7f11d50a3a" className="RealmAPI.Test.RealmExplorerTest, RealmAPI.Test, Version=1.0.0.0, Culture=neutral, PublicKeyToken=null" name="Get_Valid_US_Realm_Returns_Unique_Realm" />
    </UnitTest>
    <UnitTest name="GetAll_KR_Realms" storage="d:\visual studio 2010\projects\wowdotnetapi\realmapi.test\bin\debug\realmapi.test.dll" id="73220a94-4b99-cbd4-b347-bbd2b79c3294">
      <Execution id="7522afed-06bb-4155-a0d7-8790dd550a9b" />
      <TestMethod codeBase="D:/Visual Studio 2010/Projects/WowDotNetAPI/RealmAPI.Test/bin/Debug/RealmAPI.Test.DLL" adapterTypeName="Microsoft.VisualStudio.TestTools.TestTypes.Unit.UnitTestAdapter, Microsoft.VisualStudio.QualityTools.Tips.UnitTest.Adapter, Version=10.0.0.0, Culture=neutral, PublicKeyToken=b03f5f7f11d50a3a" className="RealmAPI.Test.RealmExplorerTest, RealmAPI.Test, Version=1.0.0.0, Culture=neutral, PublicKeyToken=null" name="GetAll_KR_Realms" />
    </UnitTest>
    <UnitTest name="Get_Realms_Using_Multiple_InvalidNamesArray_Query" storage="d:\visual studio 2010\projects\wowdotnetapi\realmapi.test\bin\debug\realmapi.test.dll" id="2871af18-3198-d03e-98a1-6ac3621dd3a4">
      <Execution id="7e19ba9c-edde-446e-8514-e47edd1f80b3" />
      <TestMethod codeBase="D:/Visual Studio 2010/Projects/WowDotNetAPI/RealmAPI.Test/bin/Debug/RealmAPI.Test.DLL" adapterTypeName="Microsoft.VisualStudio.TestTools.TestTypes.Unit.UnitTestAdapter, Microsoft.VisualStudio.QualityTools.Tips.UnitTest.Adapter, Version=10.0.0.0, Culture=neutral, PublicKeyToken=b03f5f7f11d50a3a" className="RealmAPI.Test.RealmExplorerTest, RealmAPI.Test, Version=1.0.0.0, Culture=neutral, PublicKeyToken=null" name="Get_Realms_Using_Multiple_InvalidNamesArray_Query" />
    </UnitTest>
    <UnitTest name="GetAllRealms_InvalidLocation_URL" storage="d:\visual studio 2010\projects\wowdotnetapi\realmapi.test\bin\debug\realmapi.test.dll" id="292cb1ef-5040-cb9f-b16e-7e0a1a91ad57">
      <Execution id="bad0b717-46f0-4535-8ec8-35cbe298253f" />
      <TestMethod codeBase="D:/Visual Studio 2010/Projects/WowDotNetAPI/RealmAPI.Test/bin/Debug/RealmAPI.Test.DLL" adapterTypeName="Microsoft.VisualStudio.TestTools.TestTypes.Unit.UnitTestAdapter, Microsoft.VisualStudio.QualityTools.Tips.UnitTest.Adapter, Version=10.0.0.0, Culture=neutral, PublicKeyToken=b03f5f7f11d50a3a" className="RealmAPI.Test.RealmExplorerTest, RealmAPI.Test, Version=1.0.0.0, Culture=neutral, PublicKeyToken=null" name="GetAllRealms_InvalidLocation_URL" />
    </UnitTest>
    <UnitTest name="Get_Realms_Using_Multiple_InvalidNames_Query" storage="d:\visual studio 2010\projects\wowdotnetapi\realmapi.test\bin\debug\realmapi.test.dll" id="08d2fbe5-1b6e-d0da-202e-3826857d390a">
      <Execution id="d0d7f594-161a-4f61-b414-e7e10e398b3c" />
      <TestMethod codeBase="D:/Visual Studio 2010/Projects/WowDotNetAPI/RealmAPI.Test/bin/Debug/RealmAPI.Test.DLL" adapterTypeName="Microsoft.VisualStudio.TestTools.TestTypes.Unit.UnitTestAdapter, Microsoft.VisualStudio.QualityTools.Tips.UnitTest.Adapter, Version=10.0.0.0, Culture=neutral, PublicKeyToken=b03f5f7f11d50a3a" className="RealmAPI.Test.RealmExplorerTest, RealmAPI.Test, Version=1.0.0.0, Culture=neutral, PublicKeyToken=null" name="Get_Realms_Using_Multiple_InvalidNames_Query" />
    </UnitTest>
    <UnitTest name="Get_Invalid_US_Realm_Returns_Null" storage="d:\visual studio 2010\projects\wowdotnetapi\realmapi.test\bin\debug\realmapi.test.dll" id="baffacb8-31fa-91fb-ce8c-dedacdb1da42">
      <Execution id="12a9c278-bcd8-41ee-b0bf-4eb0ab9ac936" />
      <TestMethod codeBase="D:/Visual Studio 2010/Projects/WowDotNetAPI/RealmAPI.Test/bin/Debug/RealmAPI.Test.DLL" adapterTypeName="Microsoft.VisualStudio.TestTools.TestTypes.Unit.UnitTestAdapter, Microsoft.VisualStudio.QualityTools.Tips.UnitTest.Adapter, Version=10.0.0.0, Culture=neutral, PublicKeyToken=b03f5f7f11d50a3a" className="RealmAPI.Test.RealmExplorerTest, RealmAPI.Test, Version=1.0.0.0, Culture=neutral, PublicKeyToken=null" name="Get_Invalid_US_Realm_Returns_Null" />
    </UnitTest>
    <UnitTest name="Get_Realms_Using_Invalid_Query_Returns_Null" storage="d:\visual studio 2010\projects\wowdotnetapi\realmapi.test\bin\debug\realmapi.test.dll" id="db641adb-f27b-7ead-2e88-bfa3a60e2035">
      <Execution id="4b41404f-4497-4f35-99fa-659ead338699" />
      <TestMethod codeBase="D:/Visual Studio 2010/Projects/WowDotNetAPI/RealmAPI.Test/bin/Debug/RealmAPI.Test.DLL" adapterTypeName="Microsoft.VisualStudio.TestTools.TestTypes.Unit.UnitTestAdapter, Microsoft.VisualStudio.QualityTools.Tips.UnitTest.Adapter, Version=10.0.0.0, Culture=neutral, PublicKeyToken=b03f5f7f11d50a3a" className="RealmAPI.Test.RealmExplorerTest, RealmAPI.Test, Version=1.0.0.0, Culture=neutral, PublicKeyToken=null" name="Get_Realms_Using_Invalid_Query_Returns_Null" />
    </UnitTest>
    <UnitTest name="Get_All_Realms_By_Queue_Returns_Realms_That_Have_Queues" storage="d:\visual studio 2010\projects\wowdotnetapi\realmapi.test\bin\debug\realmapi.test.dll" id="a6bce660-b39b-2f9d-0612-08c1546f021e">
      <Execution id="dec29c83-4c2e-4af5-a560-6b5bf8c10b24" />
      <TestMethod codeBase="D:/Visual Studio 2010/Projects/WowDotNetAPI/RealmAPI.Test/bin/Debug/RealmAPI.Test.DLL" adapterTypeName="Microsoft.VisualStudio.TestTools.TestTypes.Unit.UnitTestAdapter, Microsoft.VisualStudio.QualityTools.Tips.UnitTest.Adapter, Version=10.0.0.0, Culture=neutral, PublicKeyToken=b03f5f7f11d50a3a" className="RealmAPI.Test.RealmExplorerTest, RealmAPI.Test, Version=1.0.0.0, Culture=neutral, PublicKeyToken=null" name="Get_All_Realms_By_Queue_Returns_Realms_That_Have_Queues" />
    </UnitTest>
    <UnitTest name="Get_Valid_KR_Realm" storage="d:\visual studio 2010\projects\wowdotnetapi\realmapi.test\bin\debug\realmapi.test.dll" id="b2fbf06e-b806-75b8-f16c-2eb5bf6c6c89">
      <Execution id="6b0f6654-dcd0-4cec-829a-9e0419b6ac7c" />
      <TestMethod codeBase="D:/Visual Studio 2010/Projects/WowDotNetAPI/RealmAPI.Test/bin/Debug/RealmAPI.Test.DLL" adapterTypeName="Microsoft.VisualStudio.TestTools.TestTypes.Unit.UnitTestAdapter, Microsoft.VisualStudio.QualityTools.Tips.UnitTest.Adapter, Version=10.0.0.0, Culture=neutral, PublicKeyToken=b03f5f7f11d50a3a" className="RealmAPI.Test.RealmExplorerTest, RealmAPI.Test, Version=1.0.0.0, Culture=neutral, PublicKeyToken=null" name="Get_Valid_KR_Realm" />
    </UnitTest>
    <UnitTest name="GetAll_US_Realms_Returns_All_Realms" storage="d:\visual studio 2010\projects\wowdotnetapi\realmapi.test\bin\debug\realmapi.test.dll" id="74e71098-7b33-aa98-3016-e2856bfb56ac">
      <Execution id="68c3bfd8-8797-408a-86cc-f2327ba5be6b" />
      <TestMethod codeBase="D:/Visual Studio 2010/Projects/WowDotNetAPI/RealmAPI.Test/bin/Debug/RealmAPI.Test.DLL" adapterTypeName="Microsoft.VisualStudio.TestTools.TestTypes.Unit.UnitTestAdapter, Microsoft.VisualStudio.QualityTools.Tips.UnitTest.Adapter, Version=10.0.0.0, Culture=neutral, PublicKeyToken=b03f5f7f11d50a3a" className="RealmAPI.Test.RealmExplorerTest, RealmAPI.Test, Version=1.0.0.0, Culture=neutral, PublicKeyToken=null" name="GetAll_US_Realms_Returns_All_Realms" />
    </UnitTest>
    <UnitTest name="Get_Realms_Using_Multiple_ValidNamesArray_Query" storage="d:\visual studio 2010\projects\wowdotnetapi\realmapi.test\bin\debug\realmapi.test.dll" id="6344372c-8e75-0725-d48b-eb26d4f91e9d">
      <Execution id="00079492-9c03-41c4-b287-c3e03f17c0dd" />
      <TestMethod codeBase="D:/Visual Studio 2010/Projects/WowDotNetAPI/RealmAPI.Test/bin/Debug/RealmAPI.Test.DLL" adapterTypeName="Microsoft.VisualStudio.TestTools.TestTypes.Unit.UnitTestAdapter, Microsoft.VisualStudio.QualityTools.Tips.UnitTest.Adapter, Version=10.0.0.0, Culture=neutral, PublicKeyToken=b03f5f7f11d50a3a" className="RealmAPI.Test.RealmExplorerTest, RealmAPI.Test, Version=1.0.0.0, Culture=neutral, PublicKeyToken=null" name="Get_Realms_Using_Multiple_ValidNamesArray_Query" />
    </UnitTest>
  </TestDefinitions>
  <TestLists>
    <TestList name="Results Not in a List" id="8c84fa94-04c1-424b-9868-57a2d4851a1d" />
    <TestList name="All Loaded Results" id="19431567-8539-422a-85d7-44ee4e166bda" />
  </TestLists>
  <TestEntries>
    <TestEntry testId="08d2fbe5-1b6e-d0da-202e-3826857d390a" executionId="d0d7f594-161a-4f61-b414-e7e10e398b3c" testListId="8c84fa94-04c1-424b-9868-57a2d4851a1d" />
    <TestEntry testId="1764edda-644c-f396-1a77-afa78e32aa52" executionId="3b340862-7bc0-4215-8199-b4b0a74dc4c8" testListId="8c84fa94-04c1-424b-9868-57a2d4851a1d" />
    <TestEntry testId="2871af18-3198-d03e-98a1-6ac3621dd3a4" executionId="7e19ba9c-edde-446e-8514-e47edd1f80b3" testListId="8c84fa94-04c1-424b-9868-57a2d4851a1d" />
    <TestEntry testId="292cb1ef-5040-cb9f-b16e-7e0a1a91ad57" executionId="bad0b717-46f0-4535-8ec8-35cbe298253f" testListId="8c84fa94-04c1-424b-9868-57a2d4851a1d" />
    <TestEntry testId="3a58a424-202c-4993-1f21-dcc161491d40" executionId="f194a4cf-02bd-4450-8b70-af3a420aa4b1" testListId="8c84fa94-04c1-424b-9868-57a2d4851a1d" />
    <TestEntry testId="4491a6b8-c9f2-a204-f1ca-6cd219953d98" executionId="29c2def5-5928-4447-a36a-e3cf8c2119d4" testListId="8c84fa94-04c1-424b-9868-57a2d4851a1d" />
    <TestEntry testId="54503d8b-a3d8-1798-6cd1-f35962641478" executionId="bc199eb2-d108-40ee-892d-b18a994d41d4" testListId="8c84fa94-04c1-424b-9868-57a2d4851a1d" />
    <TestEntry testId="57c4e268-2ad1-24e6-0cf7-00b9834db970" executionId="dd8a13b9-90d5-4d26-aa91-f64be7f2ad57" testListId="8c84fa94-04c1-424b-9868-57a2d4851a1d" />
    <TestEntry testId="5ee86b37-da80-71a0-5f59-f20e6892cdf7" executionId="e1403091-30b7-448e-9f26-e77c03d8939c" testListId="8c84fa94-04c1-424b-9868-57a2d4851a1d" />
    <TestEntry testId="6344372c-8e75-0725-d48b-eb26d4f91e9d" executionId="00079492-9c03-41c4-b287-c3e03f17c0dd" testListId="8c84fa94-04c1-424b-9868-57a2d4851a1d" />
    <TestEntry testId="707990a1-ca22-b104-1ec8-9f4d6bf8fe63" executionId="591b9705-91d3-4941-b0b2-8b12cd0eeab2" testListId="8c84fa94-04c1-424b-9868-57a2d4851a1d" />
    <TestEntry testId="710d1407-a9ad-96c8-20ba-ccf5911743d0" executionId="cc47830e-9eee-4d24-b018-aa347a1c2d3b" testListId="8c84fa94-04c1-424b-9868-57a2d4851a1d" />
    <TestEntry testId="73220a94-4b99-cbd4-b347-bbd2b79c3294" executionId="7522afed-06bb-4155-a0d7-8790dd550a9b" testListId="8c84fa94-04c1-424b-9868-57a2d4851a1d" />
    <TestEntry testId="74e71098-7b33-aa98-3016-e2856bfb56ac" executionId="68c3bfd8-8797-408a-86cc-f2327ba5be6b" testListId="8c84fa94-04c1-424b-9868-57a2d4851a1d" />
    <TestEntry testId="a6bce660-b39b-2f9d-0612-08c1546f021e" executionId="dec29c83-4c2e-4af5-a560-6b5bf8c10b24" testListId="8c84fa94-04c1-424b-9868-57a2d4851a1d" />
    <TestEntry testId="b2fbf06e-b806-75b8-f16c-2eb5bf6c6c89" executionId="6b0f6654-dcd0-4cec-829a-9e0419b6ac7c" testListId="8c84fa94-04c1-424b-9868-57a2d4851a1d" />
    <TestEntry testId="baffacb8-31fa-91fb-ce8c-dedacdb1da42" executionId="12a9c278-bcd8-41ee-b0bf-4eb0ab9ac936" testListId="8c84fa94-04c1-424b-9868-57a2d4851a1d" />
    <TestEntry testId="c7d225fc-83c1-55fe-9ae3-d47fdb1fcede" executionId="5d6caaf7-d60d-4b4b-a1ec-1082b0253d69" testListId="8c84fa94-04c1-424b-9868-57a2d4851a1d" />
    <TestEntry testId="c9c45897-e78f-62ad-4751-2c45d854b123" executionId="cfd249cc-4cee-49a5-a19e-8beb8f9d86e8" testListId="8c84fa94-04c1-424b-9868-57a2d4851a1d" />
    <TestEntry testId="db641adb-f27b-7ead-2e88-bfa3a60e2035" executionId="4b41404f-4497-4f35-99fa-659ead338699" testListId="8c84fa94-04c1-424b-9868-57a2d4851a1d" />
  </TestEntries>
  <Results>
    <UnitTestResult executionId="d0d7f594-161a-4f61-b414-e7e10e398b3c" testId="08d2fbe5-1b6e-d0da-202e-3826857d390a" testName="Get_Realms_Using_Multiple_InvalidNames_Query" computerName="TERRA" duration="00:00:00.4625719" startTime="2011-04-23T03:02:44.5325793-04:00" endTime="2011-04-23T03:02:45.1336137-04:00" testType="13cdc9d9-ddb5-4fa4-a97d-d965ccfc6d4b" outcome="Passed" testListId="8c84fa94-04c1-424b-9868-57a2d4851a1d" relativeResultsDirectory="d0d7f594-161a-4f61-b414-e7e10e398b3c">
    </UnitTestResult>
    <UnitTestResult executionId="3b340862-7bc0-4215-8199-b4b0a74dc4c8" testId="1764edda-644c-f396-1a77-afa78e32aa52" testName="Get_Realms_Using_Valid_Query" computerName="TERRA" duration="00:00:00.1326727" startTime="2011-04-23T03:02:45.1346138-04:00" endTime="2011-04-23T03:02:45.2706215-04:00" testType="13cdc9d9-ddb5-4fa4-a97d-d965ccfc6d4b" outcome="Passed" testListId="8c84fa94-04c1-424b-9868-57a2d4851a1d" relativeResultsDirectory="3b340862-7bc0-4215-8199-b4b0a74dc4c8">
    </UnitTestResult>
    <UnitTestResult executionId="7e19ba9c-edde-446e-8514-e47edd1f80b3" testId="2871af18-3198-d03e-98a1-6ac3621dd3a4" testName="Get_Realms_Using_Multiple_InvalidNamesArray_Query" computerName="TERRA" duration="00:00:00.1387489" startTime="2011-04-23T03:02:45.2726216-04:00" endTime="2011-04-23T03:02:45.4166299-04:00" testType="13cdc9d9-ddb5-4fa4-a97d-d965ccfc6d4b" outcome="Passed" testListId="8c84fa94-04c1-424b-9868-57a2d4851a1d" relativeResultsDirectory="7e19ba9c-edde-446e-8514-e47edd1f80b3">
    </UnitTestResult>
    <UnitTestResult executionId="bad0b717-46f0-4535-8ec8-35cbe298253f" testId="292cb1ef-5040-cb9f-b16e-7e0a1a91ad57" testName="GetAllRealms_InvalidLocation_URL" computerName="TERRA" duration="00:00:02.2624050" startTime="2011-04-23T03:02:45.4186300-04:00" endTime="2011-04-23T03:02:47.6857597-04:00" testType="13cdc9d9-ddb5-4fa4-a97d-d965ccfc6d4b" outcome="Passed" testListId="8c84fa94-04c1-424b-9868-57a2d4851a1d" relativeResultsDirectory="bad0b717-46f0-4535-8ec8-35cbe298253f">
    </UnitTestResult>
    <UnitTestResult executionId="f194a4cf-02bd-4450-8b70-af3a420aa4b1" testId="3a58a424-202c-4993-1f21-dcc161491d40" testName="Get_All_Realms_By_Status_Returns_Realms_That_Are_Up" computerName="TERRA" duration="00:00:00.8880708" startTime="2011-04-23T03:02:47.6867597-04:00" endTime="2011-04-23T03:02:48.5788107-04:00" testType="13cdc9d9-ddb5-4fa4-a97d-d965ccfc6d4b" outcome="Passed" testListId="8c84fa94-04c1-424b-9868-57a2d4851a1d" relativeResultsDirectory="f194a4cf-02bd-4450-8b70-af3a420aa4b1">
    </UnitTestResult>
    <UnitTestResult executionId="29c2def5-5928-4447-a36a-e3cf8c2119d4" testId="4491a6b8-c9f2-a204-f1ca-6cd219953d98" testName="GetAll_EU_Realms" computerName="TERRA" duration="00:00:00.9673856" startTime="2011-04-23T03:02:48.5798108-04:00" endTime="2011-04-23T03:02:49.5508663-04:00" testType="13cdc9d9-ddb5-4fa4-a97d-d965ccfc6d4b" outcome="Passed" testListId="8c84fa94-04c1-424b-9868-57a2d4851a1d" relativeResultsDirectory="29c2def5-5928-4447-a36a-e3cf8c2119d4">
    </UnitTestResult>
    <UnitTestResult executionId="bc199eb2-d108-40ee-892d-b18a994d41d4" testId="54503d8b-a3d8-1798-6cd1-f35962641478" testName="Get_All_Realms_By_Population_Returns_Realms_That_Have_Low_Population" computerName="TERRA" duration="00:00:00.6195877" startTime="2011-04-23T03:02:49.5528665-04:00" endTime="2011-04-23T03:02:50.1769022-04:00" testType="13cdc9d9-ddb5-4fa4-a97d-d965ccfc6d4b" outcome="Passed" testListId="8c84fa94-04c1-424b-9868-57a2d4851a1d" relativeResultsDirectory="bc199eb2-d108-40ee-892d-b18a994d41d4">
    </UnitTestResult>
    <UnitTestResult executionId="dd8a13b9-90d5-4d26-aa91-f64be7f2ad57" testId="57c4e268-2ad1-24e6-0cf7-00b9834db970" testName="Get_Invalid_KR_Realm" computerName="TERRA" duration="00:00:00.5208824" startTime="2011-04-23T03:02:50.1779022-04:00" endTime="2011-04-23T03:02:50.7059324-04:00" testType="13cdc9d9-ddb5-4fa4-a97d-d965ccfc6d4b" outcome="Passed" testListId="8c84fa94-04c1-424b-9868-57a2d4851a1d" relativeResultsDirectory="dd8a13b9-90d5-4d26-aa91-f64be7f2ad57">
    </UnitTestResult>
    <UnitTestResult executionId="e1403091-30b7-448e-9f26-e77c03d8939c" testId="5ee86b37-da80-71a0-5f59-f20e6892cdf7" testName="Get_Invalid_EU_Realm" computerName="TERRA" duration="00:00:00.1458347" startTime="2011-04-23T03:02:50.7079325-04:00" endTime="2011-04-23T03:02:50.8589412-04:00" testType="13cdc9d9-ddb5-4fa4-a97d-d965ccfc6d4b" outcome="Passed" testListId="8c84fa94-04c1-424b-9868-57a2d4851a1d" relativeResultsDirectory="e1403091-30b7-448e-9f26-e77c03d8939c">
    </UnitTestResult>
    <UnitTestResult executionId="00079492-9c03-41c4-b287-c3e03f17c0dd" testId="6344372c-8e75-0725-d48b-eb26d4f91e9d" testName="Get_Realms_Using_Multiple_ValidNamesArray_Query" computerName="TERRA" duration="00:00:00.1253379" startTime="2011-04-23T03:02:50.8629414-04:00" endTime="2011-04-23T03:02:50.9909487-04:00" testType="13cdc9d9-ddb5-4fa4-a97d-d965ccfc6d4b" outcome="Passed" testListId="8c84fa94-04c1-424b-9868-57a2d4851a1d" relativeResultsDirectory="00079492-9c03-41c4-b287-c3e03f17c0dd">
    </UnitTestResult>
    <UnitTestResult executionId="591b9705-91d3-4941-b0b2-8b12cd0eeab2" testId="707990a1-ca22-b104-1ec8-9f4d6bf8fe63" testName="Get_Realms_Using_Multiple_ValidNames_Query" computerName="TERRA" duration="00:00:00.1277334" startTime="2011-04-23T03:02:50.9919488-04:00" endTime="2011-04-23T03:02:51.1219562-04:00" testType="13cdc9d9-ddb5-4fa4-a97d-d965ccfc6d4b" outcome="Passed" testListId="8c84fa94-04c1-424b-9868-57a2d4851a1d" relativeResultsDirectory="591b9705-91d3-4941-b0b2-8b12cd0eeab2">
    </UnitTestResult>
    <UnitTestResult executionId="cc47830e-9eee-4d24-b018-aa347a1c2d3b" testId="710d1407-a9ad-96c8-20ba-ccf5911743d0" testName="Get_Valid_EU_Realm" computerName="TERRA" duration="00:00:00.2577951" startTime="2011-04-23T03:02:51.1229563-04:00" endTime="2011-04-23T03:02:51.3909716-04:00" testType="13cdc9d9-ddb5-4fa4-a97d-d965ccfc6d4b" outcome="Passed" testListId="8c84fa94-04c1-424b-9868-57a2d4851a1d" relativeResultsDirectory="cc47830e-9eee-4d24-b018-aa347a1c2d3b">
    </UnitTestResult>
    <UnitTestResult executionId="7522afed-06bb-4155-a0d7-8790dd550a9b" testId="73220a94-4b99-cbd4-b347-bbd2b79c3294" testName="GetAll_KR_Realms" computerName="TERRA" duration="00:00:00.7581702" startTime="2011-04-23T03:02:51.3999721-04:00" endTime="2011-04-23T03:02:52.1630158-04:00" testType="13cdc9d9-ddb5-4fa4-a97d-d965ccfc6d4b" outcome="Passed" testListId="8c84fa94-04c1-424b-9868-57a2d4851a1d" relativeResultsDirectory="7522afed-06bb-4155-a0d7-8790dd550a9b">
    </UnitTestResult>
    <UnitTestResult executionId="68c3bfd8-8797-408a-86cc-f2327ba5be6b" testId="74e71098-7b33-aa98-3016-e2856bfb56ac" testName="GetAll_US_Realms_Returns_All_Realms" computerName="TERRA" duration="00:00:00.6270390" startTime="2011-04-23T03:02:52.1650159-04:00" endTime="2011-04-23T03:02:52.7970520-04:00" testType="13cdc9d9-ddb5-4fa4-a97d-d965ccfc6d4b" outcome="Passed" testListId="8c84fa94-04c1-424b-9868-57a2d4851a1d" relativeResultsDirectory="68c3bfd8-8797-408a-86cc-f2327ba5be6b">
    </UnitTestResult>
    <UnitTestResult executionId="dec29c83-4c2e-4af5-a560-6b5bf8c10b24" testId="a6bce660-b39b-2f9d-0612-08c1546f021e" testName="Get_All_Realms_By_Queue_Returns_Realms_That_Have_Queues" computerName="TERRA" duration="00:00:00.4199057" startTime="2011-04-23T03:02:52.7990521-04:00" endTime="2011-04-23T03:02:53.2240764-04:00" testType="13cdc9d9-ddb5-4fa4-a97d-d965ccfc6d4b" outcome="Passed" testListId="8c84fa94-04c1-424b-9868-57a2d4851a1d" relativeResultsDirectory="dec29c83-4c2e-4af5-a560-6b5bf8c10b24">
    </UnitTestResult>
    <UnitTestResult executionId="6b0f6654-dcd0-4cec-829a-9e0419b6ac7c" testId="b2fbf06e-b806-75b8-f16c-2eb5bf6c6c89" testName="Get_Valid_KR_Realm" computerName="TERRA" duration="00:00:00.2663388" startTime="2011-04-23T03:02:53.2250765-04:00" endTime="2011-04-23T03:02:53.4970921-04:00" testType="13cdc9d9-ddb5-4fa4-a97d-d965ccfc6d4b" outcome="Passed" testListId="8c84fa94-04c1-424b-9868-57a2d4851a1d" relativeResultsDirectory="6b0f6654-dcd0-4cec-829a-9e0419b6ac7c">
    </UnitTestResult>
    <UnitTestResult executionId="12a9c278-bcd8-41ee-b0bf-4eb0ab9ac936" testId="baffacb8-31fa-91fb-ce8c-dedacdb1da42" testName="Get_Invalid_US_Realm_Returns_Null" computerName="TERRA" duration="00:00:00.1397201" startTime="2011-04-23T03:02:53.4980921-04:00" endTime="2011-04-23T03:02:53.6441005-04:00" testType="13cdc9d9-ddb5-4fa4-a97d-d965ccfc6d4b" outcome="Passed" testListId="8c84fa94-04c1-424b-9868-57a2d4851a1d" relativeResultsDirectory="12a9c278-bcd8-41ee-b0bf-4eb0ab9ac936">
    </UnitTestResult>
    <UnitTestResult executionId="5d6caaf7-d60d-4b4b-a1ec-1082b0253d69" testId="c7d225fc-83c1-55fe-9ae3-d47fdb1fcede" testName="Get_Valid_US_Realm_Returns_Unique_Realm" computerName="TERRA" duration="00:00:00.2655232" startTime="2011-04-23T03:02:53.6461006-04:00" endTime="2011-04-23T03:02:53.9161160-04:00" testType="13cdc9d9-ddb5-4fa4-a97d-d965ccfc6d4b" outcome="Passed" testListId="8c84fa94-04c1-424b-9868-57a2d4851a1d" relativeResultsDirectory="5d6caaf7-d60d-4b4b-a1ec-1082b0253d69">
    </UnitTestResult>
    <UnitTestResult executionId="cfd249cc-4cee-49a5-a19e-8beb8f9d86e8" testId="c9c45897-e78f-62ad-4751-2c45d854b123" testName="Get_All_Realms_By_Type_Returns_Pvp_Realms" computerName="TERRA" duration="00:00:00.6405780" startTime="2011-04-23T03:02:53.9171161-04:00" endTime="2011-04-23T03:02:54.5631530-04:00" testType="13cdc9d9-ddb5-4fa4-a97d-d965ccfc6d4b" outcome="Passed" testListId="8c84fa94-04c1-424b-9868-57a2d4851a1d" relativeResultsDirectory="cfd249cc-4cee-49a5-a19e-8beb8f9d86e8">
    </UnitTestResult>
    <UnitTestResult executionId="4b41404f-4497-4f35-99fa-659ead338699" testId="db641adb-f27b-7ead-2e88-bfa3a60e2035" testName="Get_Realms_Using_Invalid_Query_Returns_Null" computerName="TERRA" duration="00:00:00.1439666" startTime="2011-04-23T03:02:54.5641531-04:00" endTime="2011-04-23T03:02:54.7131616-04:00" testType="13cdc9d9-ddb5-4fa4-a97d-d965ccfc6d4b" outcome="Passed" testListId="8c84fa94-04c1-424b-9868-57a2d4851a1d" relativeResultsDirectory="4b41404f-4497-4f35-99fa-659ead338699">
    </UnitTestResult>
  </Results>
</TestRun>