<?xml version="1.0" encoding="UTF-8"?>
<TestRun id="4a031310-c110-4618-94f8-1413c1ce7f4f" name="briandek@TERRA 2011-04-23 03:10:23" runUser="Terra\briandek" xmlns="http://microsoft.com/schemas/VisualStudio/TeamTest/2010">
  <TestSettings name="Local" id="0134485d-d616-41be-ad31-963a4aa628bb">
    <Description>These are default test settings for a local test run.</Description>
    <Deployment enabled="false" runDeploymentRoot="briandek_TERRA 2011-04-23 03_10_23">
      <DeploymentItem filename="D:\Visual Studio 2010\Projects\WowDotNetAPI\RealmAPI\bin\Debug\RealmAPI.dll" />
    </Deployment>
    <Execution>
      <TestTypeSpecific />
      <AgentRule name="Execution Agents">
      </AgentRule>
    </Execution>
  </TestSettings>
  <Times creation="2011-04-23T03:10:23.6398388-04:00" queuing="2011-04-23T03:10:23.6568397-04:00" start="2011-04-23T03:10:23.6628401-04:00" finish="2011-04-23T03:10:24.8909103-04:00" />
  <ResultSummary outcome="Completed">
    <Counters total="1" executed="1" passed="1" error="0" failed="0" timeout="0" aborted="0" inconclusive="0" passedButRunAborted="0" notRunnable="0" notExecuted="0" disconnected="0" warning="0" completed="0" inProgress="0" pending="0" />
  </ResultSummary>
  <TestDefinitions>
    <UnitTest name="Get_Realms_Using_Garbage_Query_Returns_All_Realms" storage="d:\visual studio 2010\projects\wowdotnetapi\realmapi.test\bin\debug\realmapi.test.dll" id="315bde4d-8917-c1d4-7e4a-8513bcd27a18">
      <Execution id="fb5bc591-069e-49f9-854d-4dfb48139343" />
      <TestMethod codeBase="D:/Visual Studio 2010/Projects/WowDotNetAPI/RealmAPI.Test/bin/Debug/RealmAPI.Test.DLL" adapterTypeName="Microsoft.VisualStudio.TestTools.TestTypes.Unit.UnitTestAdapter, Microsoft.VisualStudio.QualityTools.Tips.UnitTest.Adapter, Version=10.0.0.0, Culture=neutral, PublicKeyToken=b03f5f7f11d50a3a" className="RealmAPI.Test.RealmExplorerTest, RealmAPI.Test, Version=1.0.0.0, Culture=neutral, PublicKeyToken=null" name="Get_Realms_Using_Garbage_Query_Returns_All_Realms" />
    </UnitTest>
  </TestDefinitions>
  <TestLists>
    <TestList name="Results Not in a List" id="8c84fa94-04c1-424b-9868-57a2d4851a1d" />
    <TestList name="All Loaded Results" id="19431567-8539-422a-85d7-44ee4e166bda" />
  </TestLists>
  <TestEntries>
    <TestEntry testId="315bde4d-8917-c1d4-7e4a-8513bcd27a18" executionId="fb5bc591-069e-49f9-854d-4dfb48139343" testListId="8c84fa94-04c1-424b-9868-57a2d4851a1d" />
  </TestEntries>
  <Results>
    <UnitTestResult executionId="fb5bc591-069e-49f9-854d-4dfb48139343" testId="315bde4d-8917-c1d4-7e4a-8513bcd27a18" testName="Get_Realms_Using_Garbage_Query_Returns_All_Realms" computerName="TERRA" duration="00:00:01.0645027" startTime="2011-04-23T03:10:23.6648402-04:00" endTime="2011-04-23T03:10:24.8689090-04:00" testType="13cdc9d9-ddb5-4fa4-a97d-d965ccfc6d4b" outcome="Passed" testListId="8c84fa94-04c1-424b-9868-57a2d4851a1d" relativeResultsDirectory="fb5bc591-069e-49f9-854d-4dfb48139343">
    </UnitTestResult>
  </Results>
</TestRun>