<?xml version="1.0" encoding="UTF-8"?>
<TestRun id="acde9355-a9bb-4143-a385-9aefde5523c9" name="briandek@TERRA 2011-04-23 03:10:27" runUser="Terra\briandek" xmlns="http://microsoft.com/schemas/VisualStudio/TeamTest/2010">
  <TestSettings name="Local" id="0134485d-d616-41be-ad31-963a4aa628bb">
    <Description>These are default test settings for a local test run.</Description>
    <Deployment enabled="false" runDeploymentRoot="briandek_TERRA 2011-04-23 03_10_27">
      <DeploymentItem filename="D:\Visual Studio 2010\Projects\WowDotNetAPI\RealmAPI\bin\Debug\RealmAPI.dll" />
    </Deployment>
    <Execution>
      <TestTypeSpecific />
      <AgentRule name="Execution Agents">
      </AgentRule>
    </Execution>
  </TestSettings>
  <Times creation="2011-04-23T03:10:27.0590343-04:00" queuing="2011-04-23T03:10:27.0850358-04:00" start="2011-04-23T03:10:27.0960364-04:00" finish="2011-04-23T03:10:37.3396223-04:00" />
  <ResultSummary outcome="Completed">
    <Counters total="21" executed="21" passed="21" error="0" failed="0" timeout="0" aborted="0" inconclusive="0" passedButRunAborted="0" notRunnable="0" notExecuted="0" disconnected="0" warning="0" completed="0" inProgress="0" pending="0" />
  </ResultSummary>
  <TestDefinitions>
    <UnitTest name="Get_Realms_Using_Garbage_Query_Returns_All_Realms" storage="d:\visual studio 2010\projects\wowdotnetapi\realmapi.test\bin\debug\realmapi.test.dll" id="315bde4d-8917-c1d4-7e4a-8513bcd27a18">
      <Execution id="066582e3-5641-467f-9d99-ae5b3dacb323" />
      <TestMethod codeBase="D:/Visual Studio 2010/Projects/WowDotNetAPI/RealmAPI.Test/bin/Debug/RealmAPI.Test.DLL" adapterTypeName="Microsoft.VisualStudio.TestTools.TestTypes.Unit.UnitTestAdapter, Microsoft.VisualStudio.QualityTools.Tips.UnitTest.Adapter, Version=10.0.0.0, Culture=neutral, PublicKeyToken=b03f5f7f11d50a3a" className="RealmAPI.Test.RealmExplorerTest, RealmAPI.Test, Version=1.0.0.0, Culture=neutral, PublicKeyToken=null" name="Get_Realms_Using_Garbage_Query_Returns_All_Realms" />
    </UnitTest>
    <UnitTest name="GetAll_KR_Realms_Returns_All_KR_Realms" storage="d:\visual studio 2010\projects\wowdotnetapi\realmapi.test\bin\debug\realmapi.test.dll" id="6a5af8ba-1649-fa6f-04cb-4e7907ab9f9d">
      <Execution id="7ec2bc48-0e65-404b-a541-84f461c744c9" />
      <TestMethod codeBase="D:/Visual Studio 2010/Projects/WowDotNetAPI/RealmAPI.Test/bin/Debug/RealmAPI.Test.DLL" adapterTypeName="Microsoft.VisualStudio.TestTools.TestTypes.Unit.UnitTestAdapter, Microsoft.VisualStudio.QualityTools.Tips.UnitTest.Adapter, Version=10.0.0.0, Culture=neutral, PublicKeyToken=b03f5f7f11d50a3a" className="RealmAPI.Test.RealmExplorerTest, RealmAPI.Test, Version=1.0.0.0, Culture=neutral, PublicKeyToken=null" name="GetAll_KR_Realms_Returns_All_KR_Realms" />
    </UnitTest>
    <UnitTest name="Get_Realms_Using_Multiple_ValidNames_Query_Returns_Valid_Results" storage="d:\visual studio 2010\projects\wowdotnetapi\realmapi.test\bin\debug\realmapi.test.dll" id="e2215a6e-e592-4a84-bf11-86df07375fb2">
      <Execution id="f634753f-448b-4b38-a597-f977a718f6d2" />
      <TestMethod codeBase="D:/Visual Studio 2010/Projects/WowDotNetAPI/RealmAPI.Test/bin/Debug/RealmAPI.Test.DLL" adapterTypeName="Microsoft.VisualStudio.TestTools.TestTypes.Unit.UnitTestAdapter, Microsoft.VisualStudio.QualityTools.Tips.UnitTest.Adapter, Version=10.0.0.0, Culture=neutral, PublicKeyToken=b03f5f7f11d50a3a" className="RealmAPI.Test.RealmExplorerTest, RealmAPI.Test, Version=1.0.0.0, Culture=neutral, PublicKeyToken=null" name="Get_Realms_Using_Multiple_ValidNames_Query_Returns_Valid_Results" />
    </UnitTest>
    <UnitTest name="GetAll_EU_Realms_Returns_All_EU_Realms" storage="d:\visual studio 2010\projects\wowdotnetapi\realmapi.test\bin\debug\realmapi.test.dll" id="016416bb-5658-18e6-338e-14fab632fbb4">
      <Execution id="5272d4db-304b-4b18-bc2d-54ac17151952" />
      <TestMethod codeBase="D:/Visual Studio 2010/Projects/WowDotNetAPI/RealmAPI.Test/bin/Debug/RealmAPI.Test.DLL" adapterTypeName="Microsoft.VisualStudio.TestTools.TestTypes.Unit.UnitTestAdapter, Microsoft.VisualStudio.QualityTools.Tips.UnitTest.Adapter, Version=10.0.0.0, Culture=neutral, PublicKeyToken=b03f5f7f11d50a3a" className="RealmAPI.Test.RealmExplorerTest, RealmAPI.Test, Version=1.0.0.0, Culture=neutral, PublicKeyToken=null" name="GetAll_EU_Realms_Returns_All_EU_Realms" />
    </UnitTest>
    <UnitTest name="Get_Realms_Using_Multiple_InvalidNamesArray_Query_Returns_Null" storage="d:\visual studio 2010\projects\wowdotnetapi\realmapi.test\bin\debug\realmapi.test.dll" id="c8ece4fe-fdd5-8895-437a-ba9d562a9393">
      <Execution id="976cf3bc-c310-42e2-9ba0-51c3188fd79a" />
      <TestMethod codeBase="D:/Visual Studio 2010/Projects/WowDotNetAPI/RealmAPI.Test/bin/Debug/RealmAPI.Test.DLL" adapterTypeName="Microsoft.VisualStudio.TestTools.TestTypes.Unit.UnitTestAdapter, Microsoft.VisualStudio.QualityTools.Tips.UnitTest.Adapter, Version=10.0.0.0, Culture=neutral, PublicKeyToken=b03f5f7f11d50a3a" className="RealmAPI.Test.RealmExplorerTest, RealmAPI.Test, Version=1.0.0.0, Culture=neutral, PublicKeyToken=null" name="Get_Realms_Using_Multiple_InvalidNamesArray_Query_Returns_Null" />
    </UnitTest>
    <UnitTest name="Get_Realms_Using_Valid_Query_Returns_Valid_Results" storage="d:\visual studio 2010\projects\wowdotnetapi\realmapi.test\bin\debug\realmapi.test.dll" id="b00eb8c3-44d1-b0d5-78ed-133c1351f56b">
      <Execution id="fbf88c49-6dcd-4ddc-9ee4-5ba56660a0af" />
      <TestMethod codeBase="D:/Visual Studio 2010/Projects/WowDotNetAPI/RealmAPI.Test/bin/Debug/RealmAPI.Test.DLL" adapterTypeName="Microsoft.VisualStudio.TestTools.TestTypes.Unit.UnitTestAdapter, Microsoft.VisualStudio.QualityTools.Tips.UnitTest.Adapter, Version=10.0.0.0, Culture=neutral, PublicKeyToken=b03f5f7f11d50a3a" className="RealmAPI.Test.RealmExplorerTest, RealmAPI.Test, Version=1.0.0.0, Culture=neutral, PublicKeyToken=null" name="Get_Realms_Using_Valid_Query_Returns_Valid_Results" />
    </UnitTest>
    <UnitTest name="Get_All_Realms_By_Type_Returns_Pvp_Realms" storage="d:\visual studio 2010\projects\wowdotnetapi\realmapi.test\bin\debug\realmapi.test.dll" id="c9c45897-e78f-62ad-4751-2c45d854b123">
      <Execution id="687f62fa-f384-4444-bbc1-e8fea4db1c49" />
      <TestMethod codeBase="D:/Visual Studio 2010/Projects/WowDotNetAPI/RealmAPI.Test/bin/Debug/RealmAPI.Test.DLL" adapterTypeName="Microsoft.VisualStudio.TestTools.TestTypes.Unit.UnitTestAdapter, Microsoft.VisualStudio.QualityTools.Tips.UnitTest.Adapter, Version=10.0.0.0, Culture=neutral, PublicKeyToken=b03f5f7f11d50a3a" className="RealmAPI.Test.RealmExplorerTest, RealmAPI.Test, Version=1.0.0.0, Culture=neutral, PublicKeyToken=null" name="Get_All_Realms_By_Type_Returns_Pvp_Realms" />
    </UnitTest>
    <UnitTest name="Get_Realms_Using_Multiple_ValidNamesArray_Query_Returns_Valid_Results" storage="d:\visual studio 2010\projects\wowdotnetapi\realmapi.test\bin\debug\realmapi.test.dll" id="d87e1b83-355f-19ba-4fe3-fcbe52a0fe6d">
      <Execution id="07f40e71-9230-4258-bf5f-4942b002bd78" />
      <TestMethod codeBase="D:/Visual Studio 2010/Projects/WowDotNetAPI/RealmAPI.Test/bin/Debug/RealmAPI.Test.DLL" adapterTypeName="Microsoft.VisualStudio.TestTools.TestTypes.Unit.UnitTestAdapter, Microsoft.VisualStudio.QualityTools.Tips.UnitTest.Adapter, Version=10.0.0.0, Culture=neutral, PublicKeyToken=b03f5f7f11d50a3a" className="RealmAPI.Test.RealmExplorerTest, RealmAPI.Test, Version=1.0.0.0, Culture=neutral, PublicKeyToken=null" name="Get_Realms_Using_Multiple_ValidNamesArray_Query_Returns_Valid_Results" />
    </UnitTest>
    <UnitTest name="Get_Realms_Using_Multiple_InvalidNames_Query_Returns_One_Valid_Result" storage="d:\visual studio 2010\projects\wowdotnetapi\realmapi.test\bin\debug\realmapi.test.dll" id="d608dcce-d9fb-6d84-90fd-9e607a078572">
      <Execution id="34f4899f-52c5-42be-865d-8efd5c298eb1" />
      <TestMethod codeBase="D:/Visual Studio 2010/Projects/WowDotNetAPI/RealmAPI.Test/bin/Debug/RealmAPI.Test.DLL" adapterTypeName="Microsoft.VisualStudio.TestTools.TestTypes.Unit.UnitTestAdapter, Microsoft.VisualStudio.QualityTools.Tips.UnitTest.Adapter, Version=10.0.0.0, Culture=neutral, PublicKeyToken=b03f5f7f11d50a3a" className="RealmAPI.Test.RealmExplorerTest, RealmAPI.Test, Version=1.0.0.0, Culture=neutral, PublicKeyToken=null" name="Get_Realms_Using_Multiple_InvalidNames_Query_Returns_One_Valid_Result" />
    </UnitTest>
    <UnitTest name="Get_Valid_US_Realm_Returns_Unique_Realm" storage="d:\visual studio 2010\projects\wowdotnetapi\realmapi.test\bin\debug\realmapi.test.dll" id="c7d225fc-83c1-55fe-9ae3-d47fdb1fcede">
      <Execution id="ca3c64e7-81b9-4d14-ae39-f49e989ca55c" />
      <TestMethod codeBase="D:/Visual Studio 2010/Projects/WowDotNetAPI/RealmAPI.Test/bin/Debug/RealmAPI.Test.DLL" adapterTypeName="Microsoft.VisualStudio.TestTools.TestTypes.Unit.UnitTestAdapter, Microsoft.VisualStudio.QualityTools.Tips.UnitTest.Adapter, Version=10.0.0.0, Culture=neutral, PublicKeyToken=b03f5f7f11d50a3a" className="RealmAPI.Test.RealmExplorerTest, RealmAPI.Test, Version=1.0.0.0, Culture=neutral, PublicKeyToken=null" name="Get_Valid_US_Realm_Returns_Unique_Realm" />
    </UnitTest>
    <UnitTest name="Get_Valid_KR_Realm_Returns_Unique_KR_Realm" storage="d:\visual studio 2010\projects\wowdotnetapi\realmapi.test\bin\debug\realmapi.test.dll" id="1c3657c1-2092-354d-0489-a5922b3117c4">
      <Execution id="61bae35f-7f32-458a-9984-aca52afc71de" />
      <TestMethod codeBase="D:/Visual Studio 2010/Projects/WowDotNetAPI/RealmAPI.Test/bin/Debug/RealmAPI.Test.DLL" adapterTypeName="Microsoft.VisualStudio.TestTools.TestTypes.Unit.UnitTestAdapter, Microsoft.VisualStudio.QualityTools.Tips.UnitTest.Adapter, Version=10.0.0.0, Culture=neutral, PublicKeyToken=b03f5f7f11d50a3a" className="RealmAPI.Test.RealmExplorerTest, RealmAPI.Test, Version=1.0.0.0, Culture=neutral, PublicKeyToken=null" name="Get_Valid_KR_Realm_Returns_Unique_KR_Realm" />
    </UnitTest>
    <UnitTest name="Get_All_Realms_By_Status_Returns_Realms_That_Are_Up" storage="d:\visual studio 2010\projects\wowdotnetapi\realmapi.test\bin\debug\realmapi.test.dll" id="3a58a424-202c-4993-1f21-dcc161491d40">
      <Execution id="a7414af1-ff88-4999-9e89-7b7f1b4279ea" />
      <TestMethod codeBase="D:/Visual Studio 2010/Projects/WowDotNetAPI/RealmAPI.Test/bin/Debug/RealmAPI.Test.DLL" adapterTypeName="Microsoft.VisualStudio.TestTools.TestTypes.Unit.UnitTestAdapter, Microsoft.VisualStudio.QualityTools.Tips.UnitTest.Adapter, Version=10.0.0.0, Culture=neutral, PublicKeyToken=b03f5f7f11d50a3a" className="RealmAPI.Test.RealmExplorerTest, RealmAPI.Test, Version=1.0.0.0, Culture=neutral, PublicKeyToken=null" name="Get_All_Realms_By_Status_Returns_Realms_That_Are_Up" />
    </UnitTest>
    <UnitTest name="GetAllRealms_InvalidRegion_URL_Throws_WebException" storage="d:\visual studio 2010\projects\wowdotnetapi\realmapi.test\bin\debug\realmapi.test.dll" id="f6966b7c-5c2e-4e63-4e06-258062d73de5">
      <Execution id="19d796a1-89d4-4636-9bc2-4e95e6743cd4" />
      <TestMethod codeBase="D:/Visual Studio 2010/Projects/WowDotNetAPI/RealmAPI.Test/bin/Debug/RealmAPI.Test.DLL" adapterTypeName="Microsoft.VisualStudio.TestTools.TestTypes.Unit.UnitTestAdapter, Microsoft.VisualStudio.QualityTools.Tips.UnitTest.Adapter, Version=10.0.0.0, Culture=neutral, PublicKeyToken=b03f5f7f11d50a3a" className="RealmAPI.Test.RealmExplorerTest, RealmAPI.Test, Version=1.0.0.0, Culture=neutral, PublicKeyToken=null" name="GetAllRealms_InvalidRegion_URL_Throws_WebException" />
    </UnitTest>
    <UnitTest name="Get_Invalid_KR_Realm_Returns_Null" storage="d:\visual studio 2010\projects\wowdotnetapi\realmapi.test\bin\debug\realmapi.test.dll" id="fa9fed67-eb0e-afb0-864a-a12221f60dd9">
      <Execution id="a0afd632-1a3a-4204-9095-46b148bda52a" />
      <TestMethod codeBase="D:/Visual Studio 2010/Projects/WowDotNetAPI/RealmAPI.Test/bin/Debug/RealmAPI.Test.DLL" adapterTypeName="Microsoft.VisualStudio.TestTools.TestTypes.Unit.UnitTestAdapter, Microsoft.VisualStudio.QualityTools.Tips.UnitTest.Adapter, Version=10.0.0.0, Culture=neutral, PublicKeyToken=b03f5f7f11d50a3a" className="RealmAPI.Test.RealmExplorerTest, RealmAPI.Test, Version=1.0.0.0, Culture=neutral, PublicKeyToken=null" name="Get_Invalid_KR_Realm_Returns_Null" />
    </UnitTest>
    <UnitTest name="Get_Invalid_EU_Realm_Returns_Null" storage="d:\visual studio 2010\projects\wowdotnetapi\realmapi.test\bin\debug\realmapi.test.dll" id="3b9aa556-05fa-334a-f8e6-db13047f8893">
      <Execution id="1d4bca19-ea42-45bb-83bc-c5aafb5ec505" />
      <TestMethod codeBase="D:/Visual Studio 2010/Projects/WowDotNetAPI/RealmAPI.Test/bin/Debug/RealmAPI.Test.DLL" adapterTypeName="Microsoft.VisualStudio.TestTools.TestTypes.Unit.UnitTestAdapter, Microsoft.VisualStudio.QualityTools.Tips.UnitTest.Adapter, Version=10.0.0.0, Culture=neutral, PublicKeyToken=b03f5f7f11d50a3a" className="RealmAPI.Test.RealmExplorerTest, RealmAPI.Test, Version=1.0.0.0, Culture=neutral, PublicKeyToken=null" name="Get_Invalid_EU_Realm_Returns_Null" />
    </UnitTest>
    <UnitTest name="Get_Valid_EU_Realm_Returns_Unique_EU_Realm" storage="d:\visual studio 2010\projects\wowdotnetapi\realmapi.test\bin\debug\realmapi.test.dll" id="4ec20c7b-f01b-d96e-c825-f861e7c35ccc">
      <Execution id="06a442ca-50b7-4a88-aab1-55c55d3d4b4c" />
      <TestMethod codeBase="D:/Visual Studio 2010/Projects/WowDotNetAPI/RealmAPI.Test/bin/Debug/RealmAPI.Test.DLL" adapterTypeName="Microsoft.VisualStudio.TestTools.TestTypes.Unit.UnitTestAdapter, Microsoft.VisualStudio.QualityTools.Tips.UnitTest.Adapter, Version=10.0.0.0, Culture=neutral, PublicKeyToken=b03f5f7f11d50a3a" className="RealmAPI.Test.RealmExplorerTest, RealmAPI.Test, Version=1.0.0.0, Culture=neutral, PublicKeyToken=null" name="Get_Valid_EU_Realm_Returns_Unique_EU_Realm" />
    </UnitTest>
    <UnitTest name="Get_Invalid_US_Realm_Returns_Null" storage="d:\visual studio 2010\projects\wowdotnetapi\realmapi.test\bin\debug\realmapi.test.dll" id="baffacb8-31fa-91fb-ce8c-dedacdb1da42">
      <Execution id="282e6498-d82f-4dd8-a9ec-33654f38df4f" />
      <TestMethod codeBase="D:/Visual Studio 2010/Projects/WowDotNetAPI/RealmAPI.Test/bin/Debug/RealmAPI.Test.DLL" adapterTypeName="Microsoft.VisualStudio.TestTools.TestTypes.Unit.UnitTestAdapter, Microsoft.VisualStudio.QualityTools.Tips.UnitTest.Adapter, Version=10.0.0.0, Culture=neutral, PublicKeyToken=b03f5f7f11d50a3a" className="RealmAPI.Test.RealmExplorerTest, RealmAPI.Test, Version=1.0.0.0, Culture=neutral, PublicKeyToken=null" name="Get_Invalid_US_Realm_Returns_Null" />
    </UnitTest>
    <UnitTest name="Get_All_Realms_By_Population_Returns_Realms_That_Have_Low_Population" storage="d:\visual studio 2010\projects\wowdotnetapi\realmapi.test\bin\debug\realmapi.test.dll" id="54503d8b-a3d8-1798-6cd1-f35962641478">
      <Execution id="485fef18-513e-43e3-8274-41011668d0db" />
      <TestMethod codeBase="D:/Visual Studio 2010/Projects/WowDotNetAPI/RealmAPI.Test/bin/Debug/RealmAPI.Test.DLL" adapterTypeName="Microsoft.VisualStudio.TestTools.TestTypes.Unit.UnitTestAdapter, Microsoft.VisualStudio.QualityTools.Tips.UnitTest.Adapter, Version=10.0.0.0, Culture=neutral, PublicKeyToken=b03f5f7f11d50a3a" className="RealmAPI.Test.RealmExplorerTest, RealmAPI.Test, Version=1.0.0.0, Culture=neutral, PublicKeyToken=null" name="Get_All_Realms_By_Population_Returns_Realms_That_Have_Low_Population" />
    </UnitTest>
    <UnitTest name="Get_All_Realms_By_Queue_Returns_Realms_That_Have_Queues" storage="d:\visual studio 2010\projects\wowdotnetapi\realmapi.test\bin\debug\realmapi.test.dll" id="a6bce660-b39b-2f9d-0612-08c1546f021e">
      <Execution id="94fc4ef5-242f-4726-b74f-76d2b5b02366" />
      <TestMethod codeBase="D:/Visual Studio 2010/Projects/WowDotNetAPI/RealmAPI.Test/bin/Debug/RealmAPI.Test.DLL" adapterTypeName="Microsoft.VisualStudio.TestTools.TestTypes.Unit.UnitTestAdapter, Microsoft.VisualStudio.QualityTools.Tips.UnitTest.Adapter, Version=10.0.0.0, Culture=neutral, PublicKeyToken=b03f5f7f11d50a3a" className="RealmAPI.Test.RealmExplorerTest, RealmAPI.Test, Version=1.0.0.0, Culture=neutral, PublicKeyToken=null" name="Get_All_Realms_By_Queue_Returns_Realms_That_Have_Queues" />
    </UnitTest>
    <UnitTest name="Get_Realms_Using_Invalid_Realm_Name_In_Query_Returns_Null" storage="d:\visual studio 2010\projects\wowdotnetapi\realmapi.test\bin\debug\realmapi.test.dll" id="f1eef956-58c1-3c5f-13db-9a26d9fdbd4f">
      <Execution id="82ea4315-ee22-4205-bf50-1d1caa3ca1cd" />
      <TestMethod codeBase="D:/Visual Studio 2010/Projects/WowDotNetAPI/RealmAPI.Test/bin/Debug/RealmAPI.Test.DLL" adapterTypeName="Microsoft.VisualStudio.TestTools.TestTypes.Unit.UnitTestAdapter, Microsoft.VisualStudio.QualityTools.Tips.UnitTest.Adapter, Version=10.0.0.0, Culture=neutral, PublicKeyToken=b03f5f7f11d50a3a" className="RealmAPI.Test.RealmExplorerTest, RealmAPI.Test, Version=1.0.0.0, Culture=neutral, PublicKeyToken=null" name="Get_Realms_Using_Invalid_Realm_Name_In_Query_Returns_Null" />
    </UnitTest>
    <UnitTest name="GetAll_US_Realms_Returns_All_Realms" storage="d:\visual studio 2010\projects\wowdotnetapi\realmapi.test\bin\debug\realmapi.test.dll" id="74e71098-7b33-aa98-3016-e2856bfb56ac">
      <Execution id="f833ea55-435d-444e-8133-fbe5853dc7a3" />
      <TestMethod codeBase="D:/Visual Studio 2010/Projects/WowDotNetAPI/RealmAPI.Test/bin/Debug/RealmAPI.Test.DLL" adapterTypeName="Microsoft.VisualStudio.TestTools.TestTypes.Unit.UnitTestAdapter, Microsoft.VisualStudio.QualityTools.Tips.UnitTest.Adapter, Version=10.0.0.0, Culture=neutral, PublicKeyToken=b03f5f7f11d50a3a" className="RealmAPI.Test.RealmExplorerTest, RealmAPI.Test, Version=1.0.0.0, Culture=neutral, PublicKeyToken=null" name="GetAll_US_Realms_Returns_All_Realms" />
    </UnitTest>
  </TestDefinitions>
  <TestLists>
    <TestList name="Results Not in a List" id="8c84fa94-04c1-424b-9868-57a2d4851a1d" />
    <TestList name="All Loaded Results" id="19431567-8539-422a-85d7-44ee4e166bda" />
  </TestLists>
  <TestEntries>
    <TestEntry testId="016416bb-5658-18e6-338e-14fab632fbb4" executionId="5272d4db-304b-4b18-bc2d-54ac17151952" testListId="8c84fa94-04c1-424b-9868-57a2d4851a1d" />
    <TestEntry testId="1c3657c1-2092-354d-0489-a5922b3117c4" executionId="61bae35f-7f32-458a-9984-aca52afc71de" testListId="8c84fa94-04c1-424b-9868-57a2d4851a1d" />
    <TestEntry testId="315bde4d-8917-c1d4-7e4a-8513bcd27a18" executionId="066582e3-5641-467f-9d99-ae5b3dacb323" testListId="8c84fa94-04c1-424b-9868-57a2d4851a1d" />
    <TestEntry testId="3a58a424-202c-4993-1f21-dcc161491d40" executionId="a7414af1-ff88-4999-9e89-7b7f1b4279ea" testListId="8c84fa94-04c1-424b-9868-57a2d4851a1d" />
    <TestEntry testId="3b9aa556-05fa-334a-f8e6-db13047f8893" executionId="1d4bca19-ea42-45bb-83bc-c5aafb5ec505" testListId="8c84fa94-04c1-424b-9868-57a2d4851a1d" />
    <TestEntry testId="4ec20c7b-f01b-d96e-c825-f861e7c35ccc" executionId="06a442ca-50b7-4a88-aab1-55c55d3d4b4c" testListId="8c84fa94-04c1-424b-9868-57a2d4851a1d" />
    <TestEntry testId="54503d8b-a3d8-1798-6cd1-f35962641478" executionId="485fef18-513e-43e3-8274-41011668d0db" testListId="8c84fa94-04c1-424b-9868-57a2d4851a1d" />
    <TestEntry testId="6a5af8ba-1649-fa6f-04cb-4e7907ab9f9d" executionId="7ec2bc48-0e65-404b-a541-84f461c744c9" testListId="8c84fa94-04c1-424b-9868-57a2d4851a1d" />
    <TestEntry testId="74e71098-7b33-aa98-3016-e2856bfb56ac" executionId="f833ea55-435d-444e-8133-fbe5853dc7a3" testListId="8c84fa94-04c1-424b-9868-57a2d4851a1d" />
    <TestEntry testId="a6bce660-b39b-2f9d-0612-08c1546f021e" executionId="94fc4ef5-242f-4726-b74f-76d2b5b02366" testListId="8c84fa94-04c1-424b-9868-57a2d4851a1d" />
    <TestEntry testId="b00eb8c3-44d1-b0d5-78ed-133c1351f56b" executionId="fbf88c49-6dcd-4ddc-9ee4-5ba56660a0af" testListId="8c84fa94-04c1-424b-9868-57a2d4851a1d" />
    <TestEntry testId="baffacb8-31fa-91fb-ce8c-dedacdb1da42" executionId="282e6498-d82f-4dd8-a9ec-33654f38df4f" testListId="8c84fa94-04c1-424b-9868-57a2d4851a1d" />
    <TestEntry testId="c7d225fc-83c1-55fe-9ae3-d47fdb1fcede" executionId="ca3c64e7-81b9-4d14-ae39-f49e989ca55c" testListId="8c84fa94-04c1-424b-9868-57a2d4851a1d" />
    <TestEntry testId="c8ece4fe-fdd5-8895-437a-ba9d562a9393" executionId="976cf3bc-c310-42e2-9ba0-51c3188fd79a" testListId="8c84fa94-04c1-424b-9868-57a2d4851a1d" />
    <TestEntry testId="c9c45897-e78f-62ad-4751-2c45d854b123" executionId="687f62fa-f384-4444-bbc1-e8fea4db1c49" testListId="8c84fa94-04c1-424b-9868-57a2d4851a1d" />
    <TestEntry testId="d608dcce-d9fb-6d84-90fd-9e607a078572" executionId="34f4899f-52c5-42be-865d-8efd5c298eb1" testListId="8c84fa94-04c1-424b-9868-57a2d4851a1d" />
    <TestEntry testId="d87e1b83-355f-19ba-4fe3-fcbe52a0fe6d" executionId="07f40e71-9230-4258-bf5f-4942b002bd78" testListId="8c84fa94-04c1-424b-9868-57a2d4851a1d" />
    <TestEntry testId="e2215a6e-e592-4a84-bf11-86df07375fb2" executionId="f634753f-448b-4b38-a597-f977a718f6d2" testListId="8c84fa94-04c1-424b-9868-57a2d4851a1d" />
    <TestEntry testId="f1eef956-58c1-3c5f-13db-9a26d9fdbd4f" executionId="82ea4315-ee22-4205-bf50-1d1caa3ca1cd" testListId="8c84fa94-04c1-424b-9868-57a2d4851a1d" />
    <TestEntry testId="f6966b7c-5c2e-4e63-4e06-258062d73de5" executionId="19d796a1-89d4-4636-9bc2-4e95e6743cd4" testListId="8c84fa94-04c1-424b-9868-57a2d4851a1d" />
    <TestEntry testId="fa9fed67-eb0e-afb0-864a-a12221f60dd9" executionId="a0afd632-1a3a-4204-9095-46b148bda52a" testListId="8c84fa94-04c1-424b-9868-57a2d4851a1d" />
  </TestEntries>
  <Results>
    <UnitTestResult executionId="5272d4db-304b-4b18-bc2d-54ac17151952" testId="016416bb-5658-18e6-338e-14fab632fbb4" testName="GetAll_EU_Realms_Returns_All_EU_Realms" computerName="TERRA" duration="00:00:01.0817838" startTime="2011-04-23T03:10:27.0990366-04:00" endTime="2011-04-23T03:10:28.3331072-04:00" testType="13cdc9d9-ddb5-4fa4-a97d-d965ccfc6d4b" outcome="Passed" testListId="8c84fa94-04c1-424b-9868-57a2d4851a1d" relativeResultsDirectory="5272d4db-304b-4b18-bc2d-54ac17151952">
    </UnitTestResult>
    <UnitTestResult executionId="61bae35f-7f32-458a-9984-aca52afc71de" testId="1c3657c1-2092-354d-0489-a5922b3117c4" testName="Get_Valid_KR_Realm_Returns_Unique_KR_Realm" computerName="TERRA" duration="00:00:00.6205706" startTime="2011-04-23T03:10:28.3331072-04:00" endTime="2011-04-23T03:10:28.9571429-04:00" testType="13cdc9d9-ddb5-4fa4-a97d-d965ccfc6d4b" outcome="Passed" testListId="8c84fa94-04c1-424b-9868-57a2d4851a1d" relativeResultsDirectory="61bae35f-7f32-458a-9984-aca52afc71de">
    </UnitTestResult>
    <UnitTestResult executionId="066582e3-5641-467f-9d99-ae5b3dacb323" testId="315bde4d-8917-c1d4-7e4a-8513bcd27a18" testName="Get_Realms_Using_Garbage_Query_Returns_All_Realms" computerName="TERRA" duration="00:00:00.9295054" startTime="2011-04-23T03:10:28.9591430-04:00" endTime="2011-04-23T03:10:29.8931964-04:00" testType="13cdc9d9-ddb5-4fa4-a97d-d965ccfc6d4b" outcome="Passed" testListId="8c84fa94-04c1-424b-9868-57a2d4851a1d" relativeResultsDirectory="066582e3-5641-467f-9d99-ae5b3dacb323">
    </UnitTestResult>
    <UnitTestResult executionId="a7414af1-ff88-4999-9e89-7b7f1b4279ea" testId="3a58a424-202c-4993-1f21-dcc161491d40" testName="Get_All_Realms_By_Status_Returns_Realms_That_Are_Up" computerName="TERRA" duration="00:00:00.3960050" startTime="2011-04-23T03:10:29.8951965-04:00" endTime="2011-04-23T03:10:30.2952194-04:00" testType="13cdc9d9-ddb5-4fa4-a97d-d965ccfc6d4b" outcome="Passed" testListId="8c84fa94-04c1-424b-9868-57a2d4851a1d" relativeResultsDirectory="a7414af1-ff88-4999-9e89-7b7f1b4279ea">
    </UnitTestResult>
    <UnitTestResult executionId="1d4bca19-ea42-45bb-83bc-c5aafb5ec505" testId="3b9aa556-05fa-334a-f8e6-db13047f8893" testName="Get_Invalid_EU_Realm_Returns_Null" computerName="TERRA" duration="00:00:00.1332433" startTime="2011-04-23T03:10:30.2962195-04:00" endTime="2011-04-23T03:10:30.4382276-04:00" testType="13cdc9d9-ddb5-4fa4-a97d-d965ccfc6d4b" outcome="Passed" testListId="8c84fa94-04c1-424b-9868-57a2d4851a1d" relativeResultsDirectory="1d4bca19-ea42-45bb-83bc-c5aafb5ec505">
    </UnitTestResult>
    <UnitTestResult executionId="06a442ca-50b7-4a88-aab1-55c55d3d4b4c" testId="4ec20c7b-f01b-d96e-c825-f861e7c35ccc" testName="Get_Valid_EU_Realm_Returns_Unique_EU_Realm" computerName="TERRA" duration="00:00:00.2693482" startTime="2011-04-23T03:10:30.4392277-04:00" endTime="2011-04-23T03:10:30.7132433-04:00" testType="13cdc9d9-ddb5-4fa4-a97d-d965ccfc6d4b" outcome="Passed" testListId="8c84fa94-04c1-424b-9868-57a2d4851a1d" relativeResultsDirectory="06a442ca-50b7-4a88-aab1-55c55d3d4b4c">
    </UnitTestResult>
    <UnitTestResult executionId="485fef18-513e-43e3-8274-41011668d0db" testId="54503d8b-a3d8-1798-6cd1-f35962641478" testName="Get_All_Realms_By_Population_Returns_Realms_That_Have_Low_Population" computerName="TERRA" duration="00:00:00.3836570" startTime="2011-04-23T03:10:30.7142434-04:00" endTime="2011-04-23T03:10:31.1032656-04:00" testType="13cdc9d9-ddb5-4fa4-a97d-d965ccfc6d4b" outcome="Passed" testListId="8c84fa94-04c1-424b-9868-57a2d4851a1d" relativeResultsDirectory="485fef18-513e-43e3-8274-41011668d0db">
    </UnitTestResult>
    <UnitTestResult executionId="7ec2bc48-0e65-404b-a541-84f461c744c9" testId="6a5af8ba-1649-fa6f-04cb-4e7907ab9f9d" testName="GetAll_KR_Realms_Returns_All_KR_Realms" computerName="TERRA" duration="00:00:00.6506859" startTime="2011-04-23T03:10:31.1042657-04:00" endTime="2011-04-23T03:10:31.7603032-04:00" testType="13cdc9d9-ddb5-4fa4-a97d-d965ccfc6d4b" outcome="Passed" testListId="8c84fa94-04c1-424b-9868-57a2d4851a1d" relativeResultsDirectory="7ec2bc48-0e65-404b-a541-84f461c744c9">
    </UnitTestResult>
    <UnitTestResult executionId="f833ea55-435d-444e-8133-fbe5853dc7a3" testId="74e71098-7b33-aa98-3016-e2856bfb56ac" testName="GetAll_US_Realms_Returns_All_Realms" computerName="TERRA" duration="00:00:00.5200588" startTime="2011-04-23T03:10:31.7623033-04:00" endTime="2011-04-23T03:10:32.2873334-04:00" testType="13cdc9d9-ddb5-4fa4-a97d-d965ccfc6d4b" outcome="Passed" testListId="8c84fa94-04c1-424b-9868-57a2d4851a1d" relativeResultsDirectory="f833ea55-435d-444e-8133-fbe5853dc7a3">
    </UnitTestResult>
    <UnitTestResult executionId="94fc4ef5-242f-4726-b74f-76d2b5b02366" testId="a6bce660-b39b-2f9d-0612-08c1546f021e" testName="Get_All_Realms_By_Queue_Returns_Realms_That_Have_Queues" computerName="TERRA" duration="00:00:00.2667412" startTime="2011-04-23T03:10:32.2883334-04:00" endTime="2011-04-23T03:10:32.5603490-04:00" testType="13cdc9d9-ddb5-4fa4-a97d-d965ccfc6d4b" outcome="Passed" testListId="8c84fa94-04c1-424b-9868-57a2d4851a1d" relativeResultsDirectory="94fc4ef5-242f-4726-b74f-76d2b5b02366">
    </UnitTestResult>
    <UnitTestResult executionId="fbf88c49-6dcd-4ddc-9ee4-5ba56660a0af" testId="b00eb8c3-44d1-b0d5-78ed-133c1351f56b" testName="Get_Realms_Using_Valid_Query_Returns_Valid_Results" computerName="TERRA" duration="00:00:00.1311222" startTime="2011-04-23T03:10:32.5623491-04:00" endTime="2011-04-23T03:10:32.6983569-04:00" testType="13cdc9d9-ddb5-4fa4-a97d-d965ccfc6d4b" outcome="Passed" testListId="8c84fa94-04c1-424b-9868-57a2d4851a1d" relativeResultsDirectory="fbf88c49-6dcd-4ddc-9ee4-5ba56660a0af">
    </UnitTestResult>
    <UnitTestResult executionId="282e6498-d82f-4dd8-a9ec-33654f38df4f" testId="baffacb8-31fa-91fb-ce8c-dedacdb1da42" testName="Get_Invalid_US_Realm_Returns_Null" computerName="TERRA" duration="00:00:00.1314872" startTime="2011-04-23T03:10:32.6993569-04:00" endTime="2011-04-23T03:10:32.8363648-04:00" testType="13cdc9d9-ddb5-4fa4-a97d-d965ccfc6d4b" outcome="Passed" testListId="8c84fa94-04c1-424b-9868-57a2d4851a1d" relativeResultsDirectory="282e6498-d82f-4dd8-a9ec-33654f38df4f">
    </UnitTestResult>
    <UnitTestResult executionId="ca3c64e7-81b9-4d14-ae39-f49e989ca55c" testId="c7d225fc-83c1-55fe-9ae3-d47fdb1fcede" testName="Get_Valid_US_Realm_Returns_Unique_Realm" computerName="TERRA" duration="00:00:00.2556288" startTime="2011-04-23T03:10:32.8383649-04:00" endTime="2011-04-23T03:10:33.0983797-04:00" testType="13cdc9d9-ddb5-4fa4-a97d-d965ccfc6d4b" outcome="Passed" testListId="8c84fa94-04c1-424b-9868-57a2d4851a1d" relativeResultsDirectory="ca3c64e7-81b9-4d14-ae39-f49e989ca55c">
    </UnitTestResult>
    <UnitTestResult executionId="976cf3bc-c310-42e2-9ba0-51c3188fd79a" testId="c8ece4fe-fdd5-8895-437a-ba9d562a9393" testName="Get_Realms_Using_Multiple_InvalidNamesArray_Query_Returns_Null" computerName="TERRA" duration="00:00:00.1386076" startTime="2011-04-23T03:10:33.1013799-04:00" endTime="2011-04-23T03:10:33.2463882-04:00" testType="13cdc9d9-ddb5-4fa4-a97d-d965ccfc6d4b" outcome="Passed" testListId="8c84fa94-04c1-424b-9868-57a2d4851a1d" relativeResultsDirectory="976cf3bc-c310-42e2-9ba0-51c3188fd79a">
    </UnitTestResult>
    <UnitTestResult executionId="687f62fa-f384-4444-bbc1-e8fea4db1c49" testId="c9c45897-e78f-62ad-4751-2c45d854b123" testName="Get_All_Realms_By_Type_Returns_Pvp_Realms" computerName="TERRA" duration="00:00:00.8861096" startTime="2011-04-23T03:10:33.2473883-04:00" endTime="2011-04-23T03:10:34.1424395-04:00" testType="13cdc9d9-ddb5-4fa4-a97d-d965ccfc6d4b" outcome="Passed" testListId="8c84fa94-04c1-424b-9868-57a2d4851a1d" relativeResultsDirectory="687f62fa-f384-4444-bbc1-e8fea4db1c49">
    </UnitTestResult>
    <UnitTestResult executionId="34f4899f-52c5-42be-865d-8efd5c298eb1" testId="d608dcce-d9fb-6d84-90fd-9e607a078572" testName="Get_Realms_Using_Multiple_InvalidNames_Query_Returns_One_Valid_Result" computerName="TERRA" duration="00:00:00.1340552" startTime="2011-04-23T03:10:34.1444396-04:00" endTime="2011-04-23T03:10:34.2834475-04:00" testType="13cdc9d9-ddb5-4fa4-a97d-d965ccfc6d4b" outcome="Passed" testListId="8c84fa94-04c1-424b-9868-57a2d4851a1d" relativeResultsDirectory="34f4899f-52c5-42be-865d-8efd5c298eb1">
    </UnitTestResult>
    <UnitTestResult executionId="07f40e71-9230-4258-bf5f-4942b002bd78" testId="d87e1b83-355f-19ba-4fe3-fcbe52a0fe6d" testName="Get_Realms_Using_Multiple_ValidNamesArray_Query_Returns_Valid_Results" computerName="TERRA" duration="00:00:00.1350440" startTime="2011-04-23T03:10:34.2844476-04:00" endTime="2011-04-23T03:10:34.4244556-04:00" testType="13cdc9d9-ddb5-4fa4-a97d-d965ccfc6d4b" outcome="Passed" testListId="8c84fa94-04c1-424b-9868-57a2d4851a1d" relativeResultsDirectory="07f40e71-9230-4258-bf5f-4942b002bd78">
    </UnitTestResult>
    <UnitTestResult executionId="f634753f-448b-4b38-a597-f977a718f6d2" testId="e2215a6e-e592-4a84-bf11-86df07375fb2" testName="Get_Realms_Using_Multiple_ValidNames_Query_Returns_Valid_Results" computerName="TERRA" duration="00:00:00.1322932" startTime="2011-04-23T03:10:34.4264557-04:00" endTime="2011-04-23T03:10:34.5634635-04:00" testType="13cdc9d9-ddb5-4fa4-a97d-d965ccfc6d4b" outcome="Passed" testListId="8c84fa94-04c1-424b-9868-57a2d4851a1d" relativeResultsDirectory="f634753f-448b-4b38-a597-f977a718f6d2">
    </UnitTestResult>
    <UnitTestResult executionId="82ea4315-ee22-4205-bf50-1d1caa3ca1cd" testId="f1eef956-58c1-3c5f-13db-9a26d9fdbd4f" testName="Get_Realms_Using_Invalid_Realm_Name_In_Query_Returns_Null" computerName="TERRA" duration="00:00:00.1354553" startTime="2011-04-23T03:10:34.5654637-04:00" endTime="2011-04-23T03:10:34.7064717-04:00" testType="13cdc9d9-ddb5-4fa4-a97d-d965ccfc6d4b" outcome="Passed" testListId="8c84fa94-04c1-424b-9868-57a2d4851a1d" relativeResultsDirectory="82ea4315-ee22-4205-bf50-1d1caa3ca1cd">
    </UnitTestResult>
    <UnitTestResult executionId="19d796a1-89d4-4636-9bc2-4e95e6743cd4" testId="f6966b7c-5c2e-4e63-4e06-258062d73de5" testName="GetAllRealms_InvalidRegion_URL_Throws_WebException" computerName="TERRA" duration="00:00:02.2639994" startTime="2011-04-23T03:10:34.7084718-04:00" endTime="2011-04-23T03:10:36.9776016-04:00" testType="13cdc9d9-ddb5-4fa4-a97d-d965ccfc6d4b" outcome="Passed" testListId="8c84fa94-04c1-424b-9868-57a2d4851a1d" relativeResultsDirectory="19d796a1-89d4-4636-9bc2-4e95e6743cd4">
    </UnitTestResult>
    <UnitTestResult executionId="a0afd632-1a3a-4204-9095-46b148bda52a" testId="fa9fed67-eb0e-afb0-864a-a12221f60dd9" testName="Get_Invalid_KR_Realm_Returns_Null" computerName="TERRA" duration="00:00:00.3331445" startTime="2011-04-23T03:10:36.9816019-04:00" endTime="2011-04-23T03:10:37.3186211-04:00" testType="13cdc9d9-ddb5-4fa4-a97d-d965ccfc6d4b" outcome="Passed" testListId="8c84fa94-04c1-424b-9868-57a2d4851a1d" relativeResultsDirectory="a0afd632-1a3a-4204-9095-46b148bda52a">
    </UnitTestResult>
  </Results>
</TestRun>